
> crm-monorepo@ build C:\dev\crm-monorepo
> pnpm -r run build

Scope: 5 of 6 workspace projects
apps/web build$ next build
packages/db build$ tsc -p tsconfig.json
packages/storage build$ tsc -p tsconfig.json
packages/types build$ tsc -p tsconfig.json
packages/types build: Done
packages/storage build: Done
apps/web build:   Γû▓ Next.js 14.2.5
apps/web build:   - Environments: .env.local, .env.production
apps/web build:    Creating an optimized production build ...
packages/db build: Done
apps/web build: [baseline-browser-mapping] The data in this module is over two months old.  To ensure accurate Baseline data, please update: `npm i baseline-browser-mapping@latest -D`
apps/web build:  Γ£ô Compiled successfully
apps/web build:    Linting and checking validity of types ...
apps/web build:  ΓÜá The Next.js plugin was not detected in your ESLint configuration. See https://nextjs.org/docs/basic-features/eslint#migrating-existing-config
apps/web build: Failed to compile.
apps/web build: ./app/(dashboard)/dashboard/page.tsx
apps/web build: 20:3  Error: 'Download' is defined but never used.  @typescript-eslint/no-unused-vars
apps/web build: 30:3  Error: 'HelpCircle' is defined but never used.  @typescript-eslint/no-unused-vars
apps/web build: 31:3  Error: 'Cog' is defined but never used.  @typescript-eslint/no-unused-vars
apps/web build: 32:3  Error: 'Edit3' is defined but never used.  @typescript-eslint/no-unused-vars
apps/web build: 33:3  Error: 'GripVertical' is defined but never used.  @typescript-eslint/no-unused-vars
apps/web build: 34:3  Error: 'X' is defined but never used.  @typescript-eslint/no-unused-vars
apps/web build: 47:8  Error: 'PageHeader' is defined but never used.  @typescript-eslint/no-unused-vars
apps/web build: 48:8  Error: 'UniversalSearch' is defined but never used.  @typescript-eslint/no-unused-vars
apps/web build: 49:10  Error: 'cn' is defined but never used.  @typescript-eslint/no-unused-vars
apps/web build: 58:11  Error: Unexpected any. Specify a different type.  @typescript-eslint/no-explicit-any
apps/web build: 87:7  Error: 'OBJECT_TYPES' is assigned a value but never used.  @typescript-eslint/no-unused-vars
apps/web build: 116:7  Error: 'generateMockDataForObject' is assigned a value but never used.  @typescript-eslint/no-unused-vars
apps/web build: 118:16  Error: Unexpected any. Specify a different type.  @typescript-eslint/no-explicit-any
apps/web build: 144:39  Error: Unexpected any. Specify a different type.  @typescript-eslint/no-explicit-any
apps/web build: 238:28  Error: Unexpected any. Specify a different type.  @typescript-eslint/no-explicit-any
apps/web build: 264:9  Error: 'pathname' is assigned a value but never used.  @typescript-eslint/no-unused-vars
apps/web build: 265:10  Error: 'editMode' is assigned a value but never used.  @typescript-eslint/no-unused-vars
apps/web build: 267:10  Error: 'isLoaded' is assigned a value but never used.  @typescript-eslint/no-unused-vars
apps/web build: 269:10  Error: 'showAddTab' is assigned a value but never used.  @typescript-eslint/no-unused-vars
apps/web build: 270:10  Error: 'availableObjects' is assigned a value but never used.  @typescript-eslint/no-unused-vars
apps/web build: 278:60  Error: Unexpected any. Specify a different type.  @typescript-eslint/no-explicit-any
apps/web build: 279:52  Error: Unexpected any. Specify a different type.  @typescript-eslint/no-explicit-any
apps/web build: 309:10  Error: 'previewKey' is assigned a value but never used.  @typescript-eslint/no-unused-vars
apps/web build: 309:22  Error: 'setPreviewKey' is assigned a value but never used.  @typescript-eslint/no-unused-vars
apps/web build: 329:46  Error: Unexpected any. Specify a different type.  @typescript-eslint/no-explicit-any
apps/web build: 466:6  Warning: React Hook useMemo has a missing dependency: 'widgetConfig.aggregationType'. Either include it or remove the dependency array.  react-hooks/exhaustive-deps
apps/web build: 489:11  Error: 'newW' is never reassigned. Use 'const' instead.  prefer-const
apps/web build: 490:11  Error: 'newH' is never reassigned. Use 'const' instead.  prefer-const
apps/web build: 711:9  Error: 'configData' is never reassigned. Use 'const' instead.  prefer-const
apps/web build: 711:21  Error: Unexpected any. Specify a different type.  @typescript-eslint/no-explicit-any
apps/web build: 729:35  Error: Unexpected any. Specify a different type.  @typescript-eslint/no-explicit-any
apps/web build: 912:9  Error: 'configData' is never reassigned. Use 'const' instead.  prefer-const
apps/web build: 912:21  Error: Unexpected any. Specify a different type.  @typescript-eslint/no-explicit-any
apps/web build: 930:35  Error: Unexpected any. Specify a different type.  @typescript-eslint/no-explicit-any
apps/web build: 958:9  Error: 'handleResetToDefault' is assigned a value but never used.  @typescript-eslint/no-unused-vars
apps/web build: 962:9  Error: 'handleDragStart' is assigned a value but never used.  @typescript-eslint/no-unused-vars
apps/web build: 966:9  Error: 'handleDragOver' is assigned a value but never used.  @typescript-eslint/no-unused-vars
apps/web build: 981:9  Error: 'handleDragEnd' is assigned a value but never used.  @typescript-eslint/no-unused-vars
apps/web build: 986:9  Error: 'handleAddTab' is assigned a value but never used.  @typescript-eslint/no-unused-vars
apps/web build: 992:9  Error: 'handleRemoveTab' is assigned a value but never used.  @typescript-eslint/no-unused-vars
apps/web build: 1114:42  Error: Unexpected any. Specify a different type.  @typescript-eslint/no-explicit-any
apps/web build: 1171:47  Error: Unexpected any. Specify a different type.  @typescript-eslint/no-explicit-any
apps/web build: 1172:73  Error: Unexpected any. Specify a different type.  @typescript-eslint/no-explicit-any
apps/web build: 1194:9  Error: Unexpected lexical declaration in case block.  no-case-declarations
apps/web build: 1195:9  Error: Unexpected lexical declaration in case block.  no-case-declarations
apps/web build: 1255:50  Error: Unexpected any. Specify a different type.  @typescript-eslint/no-explicit-any
apps/web build: 1346:47  Error: Unexpected any. Specify a different type.  @typescript-eslint/no-explicit-any
apps/web build: 1351:96  Error: Unexpected any. Specify a different type.  @typescript-eslint/no-explicit-any
apps/web build: 1402:53  Error: Unexpected any. Specify a different type.  @typescript-eslint/no-explicit-any
apps/web build: 1402:66  Error: Unexpected any. Specify a different type.  @typescript-eslint/no-explicit-any
apps/web build: 1403:78  Error: Unexpected any. Specify a different type.  @typescript-eslint/no-explicit-any
apps/web build: 1414:40  Error: Unexpected any. Specify a different type.  @typescript-eslint/no-explicit-any
apps/web build: 1430:49  Error: Unexpected any. Specify a different type.  @typescript-eslint/no-explicit-any
apps/web build: 1637:28  Error: Unexpected any. Specify a different type.  @typescript-eslint/no-explicit-any
apps/web build: 1638:28  Error: Unexpected any. Specify a different type.  @typescript-eslint/no-explicit-any
apps/web build: 2480:53  Error: Unexpected any. Specify a different type.  @typescript-eslint/no-explicit-any
apps/web build: ./app/accounts/page-old.tsx
apps/web build: 12:3  Error: 'AlertCircle' is defined but never used.  @typescript-eslint/no-unused-vars
apps/web build: 13:3  Error: 'Layout' is defined but never used.  @typescript-eslint/no-unused-vars
apps/web build: 14:3  Error: 'Filter' is defined but never used.  @typescript-eslint/no-unused-vars
apps/web build: 23:3  Error: 'HelpCircle' is defined but never used.  @typescript-eslint/no-unused-vars
apps/web build: 24:3  Error: 'Cog' is defined but never used.  @typescript-eslint/no-unused-vars
apps/web build: 25:3  Error: 'Edit3' is defined but never used.  @typescript-eslint/no-unused-vars
apps/web build: 31:8  Error: 'PageHeader' is defined but never used.  @typescript-eslint/no-unused-vars
apps/web build: 32:8  Error: 'UniversalSearch' is defined but never used.  @typescript-eslint/no-unused-vars
apps/web build: 33:10  Error: 'cn' is defined but never used.  @typescript-eslint/no-unused-vars
apps/web build: 61:7  Error: 'AVAILABLE_COLUMNS' is assigned a value but never used.  @typescript-eslint/no-unused-vars
apps/web build: 101:9  Error: 'pathname' is assigned a value but never used.  @typescript-eslint/no-unused-vars
apps/web build: 105:10  Error: 'editMode' is assigned a value but never used.  @typescript-eslint/no-unused-vars
apps/web build: 105:20  Error: 'setEditMode' is assigned a value but never used.  @typescript-eslint/no-unused-vars
apps/web build: 107:10  Error: 'isLoaded' is assigned a value but never used.  @typescript-eslint/no-unused-vars
apps/web build: 109:10  Error: 'showAddTab' is assigned a value but never used.  @typescript-eslint/no-unused-vars
apps/web build: 110:10  Error: 'availableObjects' is assigned a value but never used.  @typescript-eslint/no-unused-vars
apps/web build: 115:9  Error: 'hasPageLayout' is assigned a value but never used.  @typescript-eslint/no-unused-vars
apps/web build: 176:46  Error: Unexpected any. Specify a different type.  @typescript-eslint/no-explicit-any
apps/web build: 243:6  Warning: React Hook useEffect has a missing dependency: 'AVAILABLE_COLUMNS'. Either include it or remove the dependency array.  react-hooks/exhaustive-deps
apps/web build: 245:9  Error: 'toggleColumnVisibility' is assigned a value but never used.  @typescript-eslint/no-unused-vars
apps/web build: 298:9  Error: 'isColumnVisible' is assigned a value but never used.  @typescript-eslint/no-unused-vars
apps/web build: 338:38  Error: Unexpected any. Specify a different type.  @typescript-eslint/no-explicit-any
apps/web build: 349:26  Error: Unexpected any. Specify a different type.  @typescript-eslint/no-explicit-any
apps/web build: 350:26  Error: Unexpected any. Specify a different type.  @typescript-eslint/no-explicit-any
apps/web build: 439:57  Error: Unexpected any. Specify a different type.  @typescript-eslint/no-explicit-any
apps/web build: 515:9  Error: 'handleResetToDefault' is assigned a value but never used.  @typescript-eslint/no-unused-vars
apps/web build: 520:9  Error: 'handleDragStart' is assigned a value but never used.  @typescript-eslint/no-unused-vars
apps/web build: 524:9  Error: 'handleDragOver' is assigned a value but never used.  @typescript-eslint/no-unused-vars
apps/web build: 539:9  Error: 'handleDragEnd' is assigned a value but never used.  @typescript-eslint/no-unused-vars
apps/web build: 544:9  Error: 'handleAddTab' is assigned a value but never used.  @typescript-eslint/no-unused-vars
apps/web build: 551:9  Error: 'handleRemoveTab' is assigned a value but never used.  @typescript-eslint/no-unused-vars
apps/web build: 1000:32  Error: 'Edit' is not defined.  react/jsx-no-undef
apps/web build: ./app/accounts/page.tsx
apps/web build: 14:3  Error: 'Filter' is defined but never used.  @typescript-eslint/no-unused-vars
apps/web build: 23:3  Error: 'HelpCircle' is defined but never used.  @typescript-eslint/no-unused-vars
apps/web build: 24:3  Error: 'Cog' is defined but never used.  @typescript-eslint/no-unused-vars
apps/web build: 26:3  Error: 'Edit3' is defined but never used.  @typescript-eslint/no-unused-vars
apps/web build: 32:8  Error: 'PageHeader' is defined but never used.  @typescript-eslint/no-unused-vars
apps/web build: 33:8  Error: 'UniversalSearch' is defined but never used.  @typescript-eslint/no-unused-vars
apps/web build: 34:10  Error: 'cn' is defined but never used.  @typescript-eslint/no-unused-vars
apps/web build: 83:7  Error: 'informationModules' is assigned a value but never used.  @typescript-eslint/no-unused-vars
apps/web build: 90:7  Error: 'pipelineModules' is assigned a value but never used.  @typescript-eslint/no-unused-vars
apps/web build: 97:7  Error: 'financialModules' is assigned a value but never used.  @typescript-eslint/no-unused-vars
apps/web build: 102:7  Error: 'analyticsModules' is assigned a value but never used.  @typescript-eslint/no-unused-vars
apps/web build: 128:9  Error: 'pathname' is assigned a value but never used.  @typescript-eslint/no-unused-vars
apps/web build: 132:10  Error: 'editMode' is assigned a value but never used.  @typescript-eslint/no-unused-vars
apps/web build: 132:20  Error: 'setEditMode' is assigned a value but never used.  @typescript-eslint/no-unused-vars
apps/web build: 134:10  Error: 'isLoaded' is assigned a value but never used.  @typescript-eslint/no-unused-vars
apps/web build: 136:10  Error: 'showAddTab' is assigned a value but never used.  @typescript-eslint/no-unused-vars
apps/web build: 137:10  Error: 'availableObjects' is assigned a value but never used.  @typescript-eslint/no-unused-vars
apps/web build: 141:9  Warning: The 'pageLayouts' logical expression could make the dependencies of useEffect Hook (at line 178) change on every render. To fix this, wrap the initialization of 'pageLayouts' in its own useMemo() Hook.  react-hooks/exhaustive-deps
apps/web build: 141:9  Warning: The 'pageLayouts' logical expression could make the dependencies of useEffect Hook (at line 185) change on every render. To fix this, wrap the initialization of 'pageLayouts' in its own useMemo() Hook.  react-hooks/exhaustive-deps
apps/web build: 145:9  Error: 'AVAILABLE_COLUMNS_DYNAMIC' is assigned a value but never used.  @typescript-eslint/no-unused-vars
apps/web build: 207:46  Error: Unexpected any. Specify a different type.  @typescript-eslint/no-explicit-any
apps/web build: 295:9  Error: Unexpected lexical declaration in case block.  no-case-declarations
apps/web build: 303:38  Error: Unexpected any. Specify a different type.  @typescript-eslint/no-explicit-any
apps/web build: 315:26  Error: Unexpected any. Specify a different type.  @typescript-eslint/no-explicit-any
apps/web build: 316:26  Error: Unexpected any. Specify a different type.  @typescript-eslint/no-explicit-any
apps/web build: 348:9  Error: 'toggleColumnVisibility' is assigned a value but never used.  @typescript-eslint/no-unused-vars
apps/web build: 404:9  Error: 'isColumnVisible' is assigned a value but never used.  @typescript-eslint/no-unused-vars
apps/web build: 407:31  Error: Unexpected any. Specify a different type.  @typescript-eslint/no-explicit-any
apps/web build: 434:63  Error: Unexpected any. Specify a different type.  @typescript-eslint/no-explicit-any
apps/web build: 441:42  Error: Unexpected any. Specify a different type.  @typescript-eslint/no-explicit-any
apps/web build: 545:9  Error: 'handleResetToDefault' is assigned a value but never used.  @typescript-eslint/no-unused-vars
apps/web build: 550:9  Error: 'handleDragStart' is assigned a value but never used.  @typescript-eslint/no-unused-vars
apps/web build: 554:9  Error: 'handleDragOver' is assigned a value but never used.  @typescript-eslint/no-unused-vars
apps/web build: 569:9  Error: 'handleDragEnd' is assigned a value but never used.  @typescript-eslint/no-unused-vars
apps/web build: 574:9  Error: 'handleAddTab' is assigned a value but never used.  @typescript-eslint/no-unused-vars
apps/web build: 581:9  Error: 'handleRemoveTab' is assigned a value but never used.  @typescript-eslint/no-unused-vars
apps/web build: 905:63  Error: Unexpected any. Specify a different type.  @typescript-eslint/no-explicit-any
apps/web build: ./app/accounts/[id]/page.tsx
apps/web build: 23:18  Error: Unexpected any. Specify a different type.  @typescript-eslint/no-explicit-any
apps/web build: 82:60  Error: Unexpected any. Specify a different type.  @typescript-eslint/no-explicit-any
apps/web build: 110:46  Error: Unexpected any. Specify a different type.  @typescript-eslint/no-explicit-any
apps/web build: 157:53  Error: Unexpected any. Specify a different type.  @typescript-eslint/no-explicit-any
apps/web build: 223:50  Error: Unexpected any. Specify a different type.  @typescript-eslint/no-explicit-any
apps/web build: 258:67  Error: Unexpected any. Specify a different type.  @typescript-eslint/no-explicit-any
apps/web build: 259:36  Error: Unexpected any. Specify a different type.  @typescript-eslint/no-explicit-any
apps/web build: 280:60  Error: `'` can be escaped with `&apos;`, `&lsquo;`, `&#39;`, `&rsquo;`.  react/no-unescaped-entities
apps/web build: 280:81  Error: `'` can be escaped with `&apos;`, `&lsquo;`, `&#39;`, `&rsquo;`.  react/no-unescaped-entities
apps/web build: 407:55  Error: `'` can be escaped with `&apos;`, `&lsquo;`, `&#39;`, `&rsquo;`.  react/no-unescaped-entities
apps/web build: ./app/app-wrapper.tsx
apps/web build: 103:48  Error: Unexpected any. Specify a different type.  @typescript-eslint/no-explicit-any
apps/web build: 259:141  Error: `'` can be escaped with `&apos;`, `&lsquo;`, `&#39;`, `&rsquo;`.  react/no-unescaped-entities
apps/web build: ./app/chart-demo/page.tsx
apps/web build: 190:31  Error: Unexpected any. Specify a different type.  @typescript-eslint/no-explicit-any
apps/web build: ./app/contacts/new/page.tsx
apps/web build: 89:58  Error: Unexpected any. Specify a different type.  @typescript-eslint/no-explicit-any
apps/web build: 100:16  Error: Unexpected any. Specify a different type.  @typescript-eslint/no-explicit-any
apps/web build: 158:21  Error: Unexpected any. Specify a different type.  @typescript-eslint/no-explicit-any
apps/web build: 161:18  Error: Unexpected any. Specify a different type.  @typescript-eslint/no-explicit-any
apps/web build: ./app/contacts/page.tsx
apps/web build: 23:3  Error: 'HelpCircle' is defined but never used.  @typescript-eslint/no-unused-vars
apps/web build: 24:3  Error: 'Cog' is defined but never used.  @typescript-eslint/no-unused-vars
apps/web build: 25:3  Error: 'Edit3' is defined but never used.  @typescript-eslint/no-unused-vars
apps/web build: 30:8  Error: 'PageHeader' is defined but never used.  @typescript-eslint/no-unused-vars
apps/web build: 31:8  Error: 'UniversalSearch' is defined but never used.  @typescript-eslint/no-unused-vars
apps/web build: 34:10  Error: 'cn' is defined but never used.  @typescript-eslint/no-unused-vars
apps/web build: 54:18  Error: Unexpected any. Specify a different type.  @typescript-eslint/no-explicit-any
apps/web build: 59:7  Error: 'informationModules' is assigned a value but never used.  @typescript-eslint/no-unused-vars
apps/web build: 66:7  Error: 'pipelineModules' is assigned a value but never used.  @typescript-eslint/no-unused-vars
apps/web build: 73:7  Error: 'financialModules' is assigned a value but never used.  @typescript-eslint/no-unused-vars
apps/web build: 78:7  Error: 'analyticsModules' is assigned a value but never used.  @typescript-eslint/no-unused-vars
apps/web build: 101:10  Error: 'showBulkActions' is assigned a value but never used.  @typescript-eslint/no-unused-vars
apps/web build: 101:27  Error: 'setShowBulkActions' is assigned a value but never used.  @typescript-eslint/no-unused-vars
apps/web build: 103:9  Error: 'pathname' is assigned a value but never used.  @typescript-eslint/no-unused-vars
apps/web build: 106:10  Error: 'editMode' is assigned a value but never used.  @typescript-eslint/no-unused-vars
apps/web build: 106:20  Error: 'setEditMode' is assigned a value but never used.  @typescript-eslint/no-unused-vars
apps/web build: 108:10  Error: 'isLoaded' is assigned a value but never used.  @typescript-eslint/no-unused-vars
apps/web build: 110:10  Error: 'showAddTab' is assigned a value but never used.  @typescript-eslint/no-unused-vars
apps/web build: 111:10  Error: 'availableObjects' is assigned a value but never used.  @typescript-eslint/no-unused-vars
apps/web build: 117:9  Warning: The 'pageLayouts' logical expression could make the dependencies of useEffect Hook (at line 170) change on every render. To fix this, wrap the initialization of 'pageLayouts' in its own useMemo() Hook.  react-hooks/exhaustive-deps
apps/web build: 194:46  Error: Unexpected any. Specify a different type.  @typescript-eslint/no-explicit-any
apps/web build: 251:6  Warning: React Hook useEffect has a missing dependency: 'AVAILABLE_COLUMNS'. Either include it or remove the dependency array.  react-hooks/exhaustive-deps
apps/web build: 253:9  Error: 'toggleColumnVisibility' is assigned a value but never used.  @typescript-eslint/no-unused-vars
apps/web build: 398:11  Error: Unexpected lexical declaration in case block.  no-case-declarations
apps/web build: 406:40  Error: Unexpected any. Specify a different type.  @typescript-eslint/no-explicit-any
apps/web build: 426:26  Error: Unexpected any. Specify a different type.  @typescript-eslint/no-explicit-any
apps/web build: 427:26  Error: Unexpected any. Specify a different type.  @typescript-eslint/no-explicit-any
apps/web build: 456:63  Error: Unexpected any. Specify a different type.  @typescript-eslint/no-explicit-any
apps/web build: 544:9  Error: 'handleResetToDefault' is assigned a value but never used.  @typescript-eslint/no-unused-vars
apps/web build: 549:9  Error: 'handleDragStart' is assigned a value but never used.  @typescript-eslint/no-unused-vars
apps/web build: 553:9  Error: 'handleDragOver' is assigned a value but never used.  @typescript-eslint/no-unused-vars
apps/web build: 568:9  Error: 'handleDragEnd' is assigned a value but never used.  @typescript-eslint/no-unused-vars
apps/web build: 573:9  Error: 'handleAddTab' is assigned a value but never used.  @typescript-eslint/no-unused-vars
apps/web build: 580:9  Error: 'handleRemoveTab' is assigned a value but never used.  @typescript-eslint/no-unused-vars
apps/web build: ./app/contacts/[id]/page.tsx
apps/web build: 11:3  Error: 'Calendar' is defined but never used.  @typescript-eslint/no-unused-vars
apps/web build: 12:3  Error: 'User' is defined but never used.  @typescript-eslint/no-unused-vars
apps/web build: 13:3  Error: 'Clock' is defined but never used.  @typescript-eslint/no-unused-vars
apps/web build: 26:18  Error: Unexpected any. Specify a different type.  @typescript-eslint/no-explicit-any
apps/web build: 85:60  Error: Unexpected any. Specify a different type.  @typescript-eslint/no-explicit-any
apps/web build: 113:46  Error: Unexpected any. Specify a different type.  @typescript-eslint/no-explicit-any
apps/web build: 159:53  Error: Unexpected any. Specify a different type.  @typescript-eslint/no-explicit-any
apps/web build: 224:50  Error: Unexpected any. Specify a different type.  @typescript-eslint/no-explicit-any
apps/web build: 259:68  Error: Unexpected any. Specify a different type.  @typescript-eslint/no-explicit-any
apps/web build: 260:36  Error: Unexpected any. Specify a different type.  @typescript-eslint/no-explicit-any
apps/web build: 281:60  Error: `'` can be escaped with `&apos;`, `&lsquo;`, `&#39;`, `&rsquo;`.  react/no-unescaped-entities
apps/web build: 281:81  Error: `'` can be escaped with `&apos;`, `&lsquo;`, `&#39;`, `&rsquo;`.  react/no-unescaped-entities
apps/web build: 408:55  Error: `'` can be escaped with `&apos;`, `&lsquo;`, `&#39;`, `&rsquo;`.  react/no-unescaped-entities
apps/web build: ./app/deals/page.tsx
apps/web build: 23:3  Error: 'HelpCircle' is defined but never used.  @typescript-eslint/no-unused-vars
apps/web build: 24:3  Error: 'Cog' is defined but never used.  @typescript-eslint/no-unused-vars
apps/web build: 25:3  Error: 'Edit3' is defined but never used.  @typescript-eslint/no-unused-vars
apps/web build: 31:8  Error: 'PageHeader' is defined but never used.  @typescript-eslint/no-unused-vars
apps/web build: 32:8  Error: 'UniversalSearch' is defined but never used.  @typescript-eslint/no-unused-vars
apps/web build: 33:10  Error: 'cn' is defined but never used.  @typescript-eslint/no-unused-vars
apps/web build: 56:7  Error: 'informationModules' is assigned a value but never used.  @typescript-eslint/no-unused-vars
apps/web build: 63:7  Error: 'pipelineModules' is assigned a value but never used.  @typescript-eslint/no-unused-vars
apps/web build: 70:7  Error: 'financialModules' is assigned a value but never used.  @typescript-eslint/no-unused-vars
apps/web build: 75:7  Error: 'analyticsModules' is assigned a value but never used.  @typescript-eslint/no-unused-vars
apps/web build: 97:9  Error: 'pathname' is assigned a value but never used.  @typescript-eslint/no-unused-vars
apps/web build: 101:10  Error: 'editMode' is assigned a value but never used.  @typescript-eslint/no-unused-vars
apps/web build: 101:20  Error: 'setEditMode' is assigned a value but never used.  @typescript-eslint/no-unused-vars
apps/web build: 103:10  Error: 'isLoaded' is assigned a value but never used.  @typescript-eslint/no-unused-vars
apps/web build: 105:10  Error: 'showAddTab' is assigned a value but never used.  @typescript-eslint/no-unused-vars
apps/web build: 106:10  Error: 'availableObjects' is assigned a value but never used.  @typescript-eslint/no-unused-vars
apps/web build: 113:9  Warning: The 'pageLayouts' logical expression could make the dependencies of useEffect Hook (at line 158) change on every render. To fix this, wrap the initialization of 'pageLayouts' in its own useMemo() Hook.  react-hooks/exhaustive-deps
apps/web build: 113:9  Warning: The 'pageLayouts' logical expression could make the dependencies of useEffect Hook (at line 165) change on every render. To fix this, wrap the initialization of 'pageLayouts' in its own useMemo() Hook.  react-hooks/exhaustive-deps
apps/web build: 183:47  Error: Unexpected any. Specify a different type.  @typescript-eslint/no-explicit-any
apps/web build: 187:19  Error: Empty block statement.  no-empty
apps/web build: 235:6  Warning: React Hook useEffect has a missing dependency: 'AVAILABLE_COLUMNS'. Either include it or remove the dependency array.  react-hooks/exhaustive-deps
apps/web build: 264:35  Error: Unexpected any. Specify a different type.  @typescript-eslint/no-explicit-any
apps/web build: 275:26  Error: Unexpected any. Specify a different type.  @typescript-eslint/no-explicit-any
apps/web build: 276:26  Error: Unexpected any. Specify a different type.  @typescript-eslint/no-explicit-any
apps/web build: 308:9  Error: 'toggleColumnVisibility' is assigned a value but never used.  @typescript-eslint/no-unused-vars
apps/web build: 364:9  Error: 'isColumnVisible' is assigned a value but never used.  @typescript-eslint/no-unused-vars
apps/web build: 367:28  Error: Unexpected any. Specify a different type.  @typescript-eslint/no-explicit-any
apps/web build: 384:11  Error: 'fieldType' is never reassigned. Use 'const' instead.  prefer-const
apps/web build: 399:63  Error: Unexpected any. Specify a different type.  @typescript-eslint/no-explicit-any
apps/web build: 399:69  Error: 'layoutId' is defined but never used.  @typescript-eslint/no-unused-vars
apps/web build: 407:44  Error: Unexpected any. Specify a different type.  @typescript-eslint/no-explicit-any
apps/web build: 469:44  Error: Unexpected any. Specify a different type.  @typescript-eslint/no-explicit-any
apps/web build: 542:9  Error: 'handleResetToDefault' is assigned a value but never used.  @typescript-eslint/no-unused-vars
apps/web build: 547:9  Error: 'handleDragStart' is assigned a value but never used.  @typescript-eslint/no-unused-vars
apps/web build: 551:9  Error: 'handleDragOver' is assigned a value but never used.  @typescript-eslint/no-unused-vars
apps/web build: 563:9  Error: 'handleDragEnd' is assigned a value but never used.  @typescript-eslint/no-unused-vars
apps/web build: 568:9  Error: 'handleAddTab' is assigned a value but never used.  @typescript-eslint/no-unused-vars
apps/web build: 575:9  Error: 'handleRemoveTab' is assigned a value but never used.  @typescript-eslint/no-unused-vars
apps/web build: ./app/deals/[id]/page.tsx
apps/web build: 23:18  Error: Unexpected any. Specify a different type.  @typescript-eslint/no-explicit-any
apps/web build: 26:58  Error: Unexpected any. Specify a different type.  @typescript-eslint/no-explicit-any
apps/web build: 30:53  Error: Unexpected any. Specify a different type.  @typescript-eslint/no-explicit-any
apps/web build: 35:37  Error: Unexpected any. Specify a different type.  @typescript-eslint/no-explicit-any
apps/web build: 39:53  Error: Unexpected any. Specify a different type.  @typescript-eslint/no-explicit-any
apps/web build: 46:30  Error: Unexpected any. Specify a different type.  @typescript-eslint/no-explicit-any
apps/web build: 47:34  Error: Unexpected any. Specify a different type.  @typescript-eslint/no-explicit-any
apps/web build: 50:58  Error: Unexpected any. Specify a different type.  @typescript-eslint/no-explicit-any
apps/web build: 78:44  Error: Unexpected any. Specify a different type.  @typescript-eslint/no-explicit-any
apps/web build: 122:65  Error: Unexpected any. Specify a different type.  @typescript-eslint/no-explicit-any
apps/web build: 191:50  Error: Unexpected any. Specify a different type.  @typescript-eslint/no-explicit-any
apps/web build: 226:59  Error: Unexpected any. Specify a different type.  @typescript-eslint/no-explicit-any
apps/web build: 227:36  Error: Unexpected any. Specify a different type.  @typescript-eslint/no-explicit-any
apps/web build: 248:57  Error: `'` can be escaped with `&apos;`, `&lsquo;`, `&#39;`, `&rsquo;`.  react/no-unescaped-entities
apps/web build: 248:78  Error: `'` can be escaped with `&apos;`, `&lsquo;`, `&#39;`, `&rsquo;`.  react/no-unescaped-entities
apps/web build: 375:52  Error: `'` can be escaped with `&apos;`, `&lsquo;`, `&#39;`, `&rsquo;`.  react/no-unescaped-entities
apps/web build: ./app/dynamic-form-demo/page.tsx
apps/web build: 13:69  Error: Unexpected any. Specify a different type.  @typescript-eslint/no-explicit-any
apps/web build: 16:46  Error: Unexpected any. Specify a different type.  @typescript-eslint/no-explicit-any
apps/web build: 98:29  Error: `"` can be escaped with `&quot;`, `&ldquo;`, `&#34;`, `&rdquo;`.  react/no-unescaped-entities
apps/web build: 98:40  Error: `"` can be escaped with `&quot;`, `&ldquo;`, `&#34;`, `&rdquo;`.  react/no-unescaped-entities
apps/web build: 126:29  Error: `"` can be escaped with `&quot;`, `&ldquo;`, `&#34;`, `&rdquo;`.  react/no-unescaped-entities
apps/web build: 126:40  Error: `"` can be escaped with `&quot;`, `&ldquo;`, `&#34;`, `&rdquo;`.  react/no-unescaped-entities
apps/web build: 159:32  Error: `"` can be escaped with `&quot;`, `&ldquo;`, `&#34;`, `&rdquo;`.  react/no-unescaped-entities
apps/web build: 159:36  Error: `"` can be escaped with `&quot;`, `&ldquo;`, `&#34;`, `&rdquo;`.  react/no-unescaped-entities
apps/web build: 163:51  Error: `"` can be escaped with `&quot;`, `&ldquo;`, `&#34;`, `&rdquo;`.  react/no-unescaped-entities
apps/web build: 163:58  Error: `"` can be escaped with `&quot;`, `&ldquo;`, `&#34;`, `&rdquo;`.  react/no-unescaped-entities
apps/web build: ./app/installations/page.tsx
apps/web build: 23:3  Error: 'HelpCircle' is defined but never used.  @typescript-eslint/no-unused-vars
apps/web build: 24:3  Error: 'Cog' is defined but never used.  @typescript-eslint/no-unused-vars
apps/web build: 25:3  Error: 'Edit3' is defined but never used.  @typescript-eslint/no-unused-vars
apps/web build: 31:8  Error: 'PageHeader' is defined but never used.  @typescript-eslint/no-unused-vars
apps/web build: 32:8  Error: 'UniversalSearch' is defined but never used.  @typescript-eslint/no-unused-vars
apps/web build: 33:10  Error: 'cn' is defined but never used.  @typescript-eslint/no-unused-vars
apps/web build: 74:9  Error: 'pathname' is assigned a value but never used.  @typescript-eslint/no-unused-vars
apps/web build: 78:10  Error: 'editMode' is assigned a value but never used.  @typescript-eslint/no-unused-vars
apps/web build: 78:20  Error: 'setEditMode' is assigned a value but never used.  @typescript-eslint/no-unused-vars
apps/web build: 80:10  Error: 'isLoaded' is assigned a value but never used.  @typescript-eslint/no-unused-vars
apps/web build: 82:10  Error: 'showAddTab' is assigned a value but never used.  @typescript-eslint/no-unused-vars
apps/web build: 83:10  Error: 'availableObjects' is assigned a value but never used.  @typescript-eslint/no-unused-vars
apps/web build: 90:9  Warning: The 'pageLayouts' logical expression could make the dependencies of useEffect Hook (at line 129) change on every render. To fix this, wrap the initialization of 'pageLayouts' in its own useMemo() Hook.  react-hooks/exhaustive-deps
apps/web build: 90:9  Warning: The 'pageLayouts' logical expression could make the dependencies of useEffect Hook (at line 136) change on every render. To fix this, wrap the initialization of 'pageLayouts' in its own useMemo() Hook.  react-hooks/exhaustive-deps
apps/web build: 154:47  Error: Unexpected any. Specify a different type.  @typescript-eslint/no-explicit-any
apps/web build: 158:19  Error: Empty block statement.  no-empty
apps/web build: 207:6  Warning: React Hook useEffect has a missing dependency: 'AVAILABLE_COLUMNS'. Either include it or remove the dependency array.  react-hooks/exhaustive-deps
apps/web build: 209:9  Error: 'toggleColumnVisibility' is assigned a value but never used.  @typescript-eslint/no-unused-vars
apps/web build: 231:11  Error: 'fieldType' is never reassigned. Use 'const' instead.  prefer-const
apps/web build: 264:43  Error: Unexpected any. Specify a different type.  @typescript-eslint/no-explicit-any
apps/web build: 275:26  Error: Unexpected any. Specify a different type.  @typescript-eslint/no-explicit-any
apps/web build: 276:26  Error: Unexpected any. Specify a different type.  @typescript-eslint/no-explicit-any
apps/web build: 355:63  Error: Unexpected any. Specify a different type.  @typescript-eslint/no-explicit-any
apps/web build: 355:69  Error: 'layoutId' is defined but never used.  @typescript-eslint/no-unused-vars
apps/web build: 363:44  Error: Unexpected any. Specify a different type.  @typescript-eslint/no-explicit-any
apps/web build: 427:44  Error: Unexpected any. Specify a different type.  @typescript-eslint/no-explicit-any
apps/web build: 503:9  Error: 'handleResetToDefault' is assigned a value but never used.  @typescript-eslint/no-unused-vars
apps/web build: 508:9  Error: 'handleDragStart' is assigned a value but never used.  @typescript-eslint/no-unused-vars
apps/web build: 512:9  Error: 'handleDragOver' is assigned a value but never used.  @typescript-eslint/no-unused-vars
apps/web build: 524:9  Error: 'handleDragEnd' is assigned a value but never used.  @typescript-eslint/no-unused-vars
apps/web build: 529:9  Error: 'handleAddTab' is assigned a value but never used.  @typescript-eslint/no-unused-vars
apps/web build: 536:9  Error: 'handleRemoveTab' is assigned a value but never used.  @typescript-eslint/no-unused-vars
apps/web build: ./app/installations/[id]/page.tsx
apps/web build: 23:18  Error: Unexpected any. Specify a different type.  @typescript-eslint/no-explicit-any
apps/web build: 26:66  Error: Unexpected any. Specify a different type.  @typescript-eslint/no-explicit-any
apps/web build: 30:53  Error: Unexpected any. Specify a different type.  @typescript-eslint/no-explicit-any
apps/web build: 35:37  Error: Unexpected any. Specify a different type.  @typescript-eslint/no-explicit-any
apps/web build: 39:53  Error: Unexpected any. Specify a different type.  @typescript-eslint/no-explicit-any
apps/web build: 46:30  Error: Unexpected any. Specify a different type.  @typescript-eslint/no-explicit-any
apps/web build: 47:34  Error: Unexpected any. Specify a different type.  @typescript-eslint/no-explicit-any
apps/web build: 50:39  Error: Unexpected any. Specify a different type.  @typescript-eslint/no-explicit-any
apps/web build: 50:71  Error: Unexpected any. Specify a different type.  @typescript-eslint/no-explicit-any
apps/web build: 78:44  Error: Unexpected any. Specify a different type.  @typescript-eslint/no-explicit-any
apps/web build: 122:35  Error: Unexpected any. Specify a different type.  @typescript-eslint/no-explicit-any
apps/web build: 122:86  Error: Unexpected any. Specify a different type.  @typescript-eslint/no-explicit-any
apps/web build: 191:50  Error: Unexpected any. Specify a different type.  @typescript-eslint/no-explicit-any
apps/web build: 226:75  Error: Unexpected any. Specify a different type.  @typescript-eslint/no-explicit-any
apps/web build: 227:36  Error: Unexpected any. Specify a different type.  @typescript-eslint/no-explicit-any
apps/web build: 248:65  Error: `'` can be escaped with `&apos;`, `&lsquo;`, `&#39;`, `&rsquo;`.  react/no-unescaped-entities
apps/web build: 248:86  Error: `'` can be escaped with `&apos;`, `&lsquo;`, `&#39;`, `&rsquo;`.  react/no-unescaped-entities
apps/web build: 375:60  Error: `'` can be escaped with `&apos;`, `&lsquo;`, `&#39;`, `&rsquo;`.  react/no-unescaped-entities
apps/web build: ./app/leads/page.tsx
apps/web build: 23:3  Error: 'HelpCircle' is defined but never used.  @typescript-eslint/no-unused-vars
apps/web build: 24:3  Error: 'Cog' is defined but never used.  @typescript-eslint/no-unused-vars
apps/web build: 25:3  Error: 'Edit3' is defined but never used.  @typescript-eslint/no-unused-vars
apps/web build: 31:8  Error: 'PageHeader' is defined but never used.  @typescript-eslint/no-unused-vars
apps/web build: 32:8  Error: 'UniversalSearch' is defined but never used.  @typescript-eslint/no-unused-vars
apps/web build: 33:10  Error: 'cn' is defined but never used.  @typescript-eslint/no-unused-vars
apps/web build: 54:7  Error: 'informationModules' is assigned a value but never used.  @typescript-eslint/no-unused-vars
apps/web build: 61:7  Error: 'pipelineModules' is assigned a value but never used.  @typescript-eslint/no-unused-vars
apps/web build: 68:7  Error: 'financialModules' is assigned a value but never used.  @typescript-eslint/no-unused-vars
apps/web build: 73:7  Error: 'analyticsModules' is assigned a value but never used.  @typescript-eslint/no-unused-vars
apps/web build: 98:9  Error: 'pathname' is assigned a value but never used.  @typescript-eslint/no-unused-vars
apps/web build: 104:9  Warning: The 'pageLayouts' logical expression could make the dependencies of useEffect Hook (at line 154) change on every render. To fix this, wrap the initialization of 'pageLayouts' in its own useMemo() Hook.  react-hooks/exhaustive-deps
apps/web build: 104:9  Warning: The 'pageLayouts' logical expression could make the dependencies of useEffect Hook (at line 161) change on every render. To fix this, wrap the initialization of 'pageLayouts' in its own useMemo() Hook.  react-hooks/exhaustive-deps
apps/web build: 163:10  Error: 'editMode' is assigned a value but never used.  @typescript-eslint/no-unused-vars
apps/web build: 163:20  Error: 'setEditMode' is assigned a value but never used.  @typescript-eslint/no-unused-vars
apps/web build: 165:10  Error: 'isLoaded' is assigned a value but never used.  @typescript-eslint/no-unused-vars
apps/web build: 167:10  Error: 'showAddTab' is assigned a value but never used.  @typescript-eslint/no-unused-vars
apps/web build: 168:10  Error: 'availableObjects' is assigned a value but never used.  @typescript-eslint/no-unused-vars
apps/web build: 189:46  Error: Unexpected any. Specify a different type.  @typescript-eslint/no-explicit-any
apps/web build: 244:6  Warning: React Hook useEffect has a missing dependency: 'AVAILABLE_COLUMNS'. Either include it or remove the dependency array.  react-hooks/exhaustive-deps
apps/web build: 283:35  Error: Unexpected any. Specify a different type.  @typescript-eslint/no-explicit-any
apps/web build: 294:26  Error: Unexpected any. Specify a different type.  @typescript-eslint/no-explicit-any
apps/web build: 295:26  Error: Unexpected any. Specify a different type.  @typescript-eslint/no-explicit-any
apps/web build: 327:9  Error: 'toggleColumnVisibility' is assigned a value but never used.  @typescript-eslint/no-unused-vars
apps/web build: 383:9  Error: 'isColumnVisible' is assigned a value but never used.  @typescript-eslint/no-unused-vars
apps/web build: 386:28  Error: Unexpected any. Specify a different type.  @typescript-eslint/no-explicit-any
apps/web build: 416:63  Error: Unexpected any. Specify a different type.  @typescript-eslint/no-explicit-any
apps/web build: 416:69  Error: 'layoutId' is defined but never used.  @typescript-eslint/no-unused-vars
apps/web build: 424:44  Error: Unexpected any. Specify a different type.  @typescript-eslint/no-explicit-any
apps/web build: 489:44  Error: Unexpected any. Specify a different type.  @typescript-eslint/no-explicit-any
apps/web build: 567:9  Error: 'handleResetToDefault' is assigned a value but never used.  @typescript-eslint/no-unused-vars
apps/web build: 572:9  Error: 'handleDragStart' is assigned a value but never used.  @typescript-eslint/no-unused-vars
apps/web build: 576:9  Error: 'handleDragOver' is assigned a value but never used.  @typescript-eslint/no-unused-vars
apps/web build: 591:9  Error: 'handleDragEnd' is assigned a value but never used.  @typescript-eslint/no-unused-vars
apps/web build: 596:9  Error: 'handleAddTab' is assigned a value but never used.  @typescript-eslint/no-unused-vars
apps/web build: 603:9  Error: 'handleRemoveTab' is assigned a value but never used.  @typescript-eslint/no-unused-vars
apps/web build: ./app/leads/[id]/page.tsx
apps/web build: 23:18  Error: Unexpected any. Specify a different type.  @typescript-eslint/no-explicit-any
apps/web build: 82:60  Error: Unexpected any. Specify a different type.  @typescript-eslint/no-explicit-any
apps/web build: 110:46  Error: Unexpected any. Specify a different type.  @typescript-eslint/no-explicit-any
apps/web build: 156:53  Error: Unexpected any. Specify a different type.  @typescript-eslint/no-explicit-any
apps/web build: 221:50  Error: Unexpected any. Specify a different type.  @typescript-eslint/no-explicit-any
apps/web build: 256:59  Error: Unexpected any. Specify a different type.  @typescript-eslint/no-explicit-any
apps/web build: 257:36  Error: Unexpected any. Specify a different type.  @typescript-eslint/no-explicit-any
apps/web build: 278:57  Error: `'` can be escaped with `&apos;`, `&lsquo;`, `&#39;`, `&rsquo;`.  react/no-unescaped-entities
apps/web build: 278:78  Error: `'` can be escaped with `&apos;`, `&lsquo;`, `&#39;`, `&rsquo;`.  react/no-unescaped-entities
apps/web build: 405:52  Error: `'` can be escaped with `&apos;`, `&lsquo;`, `&#39;`, `&rsquo;`.  react/no-unescaped-entities
apps/web build: ./app/login/page.tsx
apps/web build: 125:18  Error: `'` can be escaped with `&apos;`, `&lsquo;`, `&#39;`, `&rsquo;`.  react/no-unescaped-entities
apps/web build: ./app/object-manager/page.tsx
apps/web build: 8:21  Error: 'generateId' is defined but never used.  @typescript-eslint/no-unused-vars
apps/web build: 34:10  Error: 'Badge' is defined but never used.  @typescript-eslint/no-unused-vars
apps/web build: 35:10  Error: 'Toast' is defined but never used.  @typescript-eslint/no-unused-vars
apps/web build: 129:13  Error: 'objectId' is assigned a value but never used.  @typescript-eslint/no-unused-vars
apps/web build: 207:9  Error: 'handleResetSchema' is assigned a value but never used.  @typescript-eslint/no-unused-vars
apps/web build: 360:72  Error: `'` can be escaped with `&apos;`, `&lsquo;`, `&#39;`, `&rsquo;`.  react/no-unescaped-entities
apps/web build: ./app/object-manager/[objectApi]/fields-relationships.tsx
apps/web build: 31:3  Error: 'Eye' is defined but never used.  @typescript-eslint/no-unused-vars
apps/web build: 36:3  Error: 'AlertCircle' is defined but never used.  @typescript-eslint/no-unused-vars
apps/web build: 47:9  Error: Unexpected any. Specify a different type.  @typescript-eslint/no-explicit-any
apps/web build: 91:10  Error: 'showVisibilityEditor' is assigned a value but never used.  @typescript-eslint/no-unused-vars
apps/web build: 91:32  Error: 'setShowVisibilityEditor' is assigned a value but never used.  @typescript-eslint/no-unused-vars
apps/web build: 224:20  Error: Unexpected any. Specify a different type.  @typescript-eslint/no-explicit-any
apps/web build: 397:82  Error: 'index' is defined but never used.  @typescript-eslint/no-unused-vars
apps/web build: ./app/object-manager/[objectApi]/home-layout-editor.tsx
apps/web build: 44:29  Error: Unexpected any. Specify a different type.  @typescript-eslint/no-explicit-any
apps/web build: 46:51  Error: Unexpected any. Specify a different type.  @typescript-eslint/no-explicit-any
apps/web build: 56:17  Error: Unexpected any. Specify a different type.  @typescript-eslint/no-explicit-any
apps/web build: 56:25  Error: Unexpected any. Specify a different type.  @typescript-eslint/no-explicit-any
apps/web build: 57:22  Error: Unexpected any. Specify a different type.  @typescript-eslint/no-explicit-any
apps/web build: 59:21  Error: Unexpected any. Specify a different type.  @typescript-eslint/no-explicit-any
apps/web build: 59:29  Error: Unexpected any. Specify a different type.  @typescript-eslint/no-explicit-any
apps/web build: 60:24  Error: Unexpected any. Specify a different type.  @typescript-eslint/no-explicit-any
apps/web build: 119:38  Error: Unexpected any. Specify a different type.  @typescript-eslint/no-explicit-any
apps/web build: ./app/object-manager/[objectApi]/page-editor.tsx
apps/web build: 7:3  Error: 'closestCorners' is defined but never used.  @typescript-eslint/no-unused-vars
apps/web build: 20:3  Error: 'arrayMove' is defined but never used.  @typescript-eslint/no-unused-vars
apps/web build: 28:32  Error: 'PageTab' is defined but never used.  @typescript-eslint/no-unused-vars
apps/web build: 28:41  Error: 'PageSection' is defined but never used.  @typescript-eslint/no-unused-vars
apps/web build: 117:10  Error: 'selectedFieldObjects' is assigned a value but never used.  @typescript-eslint/no-unused-vars
apps/web build: 117:32  Error: 'setSelectedFieldObjects' is assigned a value but never used.  @typescript-eslint/no-unused-vars
apps/web build: 134:9  Error: 'allObjects' is assigned a value but never used.  @typescript-eslint/no-unused-vars
apps/web build: 136:3  Error: React Hook "useEffect" is called conditionally. React Hooks must be called in the exact same order in every component render. Did you accidentally call a React Hook after an early return?  react-hooks/rules-of-hooks
apps/web build: 141:42  Error: Unexpected any. Specify a different type.  @typescript-eslint/no-explicit-any
apps/web build: 145:42  Error: Unexpected any. Specify a different type.  @typescript-eslint/no-explicit-any
apps/web build: 148:27  Error: React Hook "useMemo" is called conditionally. React Hooks must be called in the exact same order in every component render. Did you accidentally call a React Hook after an early return?  react-hooks/rules-of-hooks
apps/web build: 542:56  Error: Unexpected any. Specify a different type.  @typescript-eslint/no-explicit-any
apps/web build: 569:9  Error: 'loadLayout' is assigned a value but never used.  @typescript-eslint/no-unused-vars
apps/web build: 759:73  Error: Unexpected any. Specify a different type.  @typescript-eslint/no-explicit-any
apps/web build: ./app/object-manager/[objectApi]/page.tsx
apps/web build: 16:3  Error: 'BarChart3' is defined but never used.  @typescript-eslint/no-unused-vars
apps/web build: 134:9  Error: 'router' is assigned a value but never used.  @typescript-eslint/no-unused-vars
apps/web build: 163:56  Error: `"` can be escaped with `&quot;`, `&ldquo;`, `&#34;`, `&rdquo;`.  react/no-unescaped-entities
apps/web build: 163:68  Error: `"` can be escaped with `&quot;`, `&ldquo;`, `&#34;`, `&rdquo;`.  react/no-unescaped-entities
apps/web build: ./app/objects/[slug]/page.tsx
apps/web build: 38:18  Error: Unexpected any. Specify a different type.  @typescript-eslint/no-explicit-any
apps/web build: 75:9  Warning: The 'pageLayouts' logical expression could make the dependencies of useEffect Hook (at line 124) change on every render. To fix this, wrap the initialization of 'pageLayouts' in its own useMemo() Hook.  react-hooks/exhaustive-deps
apps/web build: 205:57  Error: Unexpected any. Specify a different type.  @typescript-eslint/no-explicit-any
apps/web build: 209:42  Error: Unexpected any. Specify a different type.  @typescript-eslint/no-explicit-any
apps/web build: ./app/objects/[slug]/[id]/page.tsx
apps/web build: 22:18  Error: Unexpected any. Specify a different type.  @typescript-eslint/no-explicit-any
apps/web build: 102:60  Error: Unexpected any. Specify a different type.  @typescript-eslint/no-explicit-any
apps/web build: 130:50  Error: Unexpected any. Specify a different type.  @typescript-eslint/no-explicit-any
apps/web build: 146:46  Error: Unexpected any. Specify a different type.  @typescript-eslint/no-explicit-any
apps/web build: 193:53  Error: Unexpected any. Specify a different type.  @typescript-eslint/no-explicit-any
apps/web build: 265:50  Error: Unexpected any. Specify a different type.  @typescript-eslint/no-explicit-any
apps/web build: 308:71  Error: Unexpected any. Specify a different type.  @typescript-eslint/no-explicit-any
apps/web build: 309:36  Error: Unexpected any. Specify a different type.  @typescript-eslint/no-explicit-any
apps/web build: ./app/page.tsx
apps/web build: 48:11  Error: Unexpected any. Specify a different type.  @typescript-eslint/no-explicit-any
apps/web build: 70:57  Error: Unexpected any. Specify a different type.  @typescript-eslint/no-explicit-any
apps/web build: 78:23  Error: Unexpected any. Specify a different type.  @typescript-eslint/no-explicit-any
apps/web build: 78:31  Error: Unexpected any. Specify a different type.  @typescript-eslint/no-explicit-any
apps/web build: 79:28  Error: Unexpected any. Specify a different type.  @typescript-eslint/no-explicit-any
apps/web build: 81:27  Error: Unexpected any. Specify a different type.  @typescript-eslint/no-explicit-any
apps/web build: 81:35  Error: Unexpected any. Specify a different type.  @typescript-eslint/no-explicit-any
apps/web build: 82:30  Error: Unexpected any. Specify a different type.  @typescript-eslint/no-explicit-any
apps/web build: 133:37  Error: Unexpected any. Specify a different type.  @typescript-eslint/no-explicit-any
apps/web build: 308:35  Error: Unexpected any. Specify a different type.  @typescript-eslint/no-explicit-any
apps/web build: 308:48  Error: Unexpected any. Specify a different type.  @typescript-eslint/no-explicit-any
apps/web build: 309:80  Error: Unexpected any. Specify a different type.  @typescript-eslint/no-explicit-any
apps/web build: 319:36  Error: Unexpected any. Specify a different type.  @typescript-eslint/no-explicit-any
apps/web build: 335:48  Error: Unexpected any. Specify a different type.  @typescript-eslint/no-explicit-any
apps/web build: 380:47  Error: Unexpected any. Specify a different type.  @typescript-eslint/no-explicit-any
apps/web build: 493:21  Error: `'` can be escaped with `&apos;`, `&lsquo;`, `&#39;`, `&rsquo;`.  react/no-unescaped-entities
apps/web build: ./app/products/page-old.tsx
apps/web build: 11:3  Error: 'Edit' is defined but never used.  @typescript-eslint/no-unused-vars
apps/web build: 23:3  Error: 'HelpCircle' is defined but never used.  @typescript-eslint/no-unused-vars
apps/web build: 24:3  Error: 'Cog' is defined but never used.  @typescript-eslint/no-unused-vars
apps/web build: 25:3  Error: 'Edit3' is defined but never used.  @typescript-eslint/no-unused-vars
apps/web build: 26:3  Error: 'GripVertical' is defined but never used.  @typescript-eslint/no-unused-vars
apps/web build: 31:8  Error: 'PageHeader' is defined but never used.  @typescript-eslint/no-unused-vars
apps/web build: 32:8  Error: 'UniversalSearch' is defined but never used.  @typescript-eslint/no-unused-vars
apps/web build: 33:10  Error: 'cn' is defined but never used.  @typescript-eslint/no-unused-vars
apps/web build: 55:7  Error: 'informationModules' is assigned a value but never used.  @typescript-eslint/no-unused-vars
apps/web build: 62:7  Error: 'pipelineModules' is assigned a value but never used.  @typescript-eslint/no-unused-vars
apps/web build: 69:7  Error: 'financialModules' is assigned a value but never used.  @typescript-eslint/no-unused-vars
apps/web build: 74:7  Error: 'analyticsModules' is assigned a value but never used.  @typescript-eslint/no-unused-vars
apps/web build: 96:9  Error: 'pathname' is assigned a value but never used.  @typescript-eslint/no-unused-vars
apps/web build: 100:10  Error: 'editMode' is assigned a value but never used.  @typescript-eslint/no-unused-vars
apps/web build: 100:20  Error: 'setEditMode' is assigned a value but never used.  @typescript-eslint/no-unused-vars
apps/web build: 102:10  Error: 'isLoaded' is assigned a value but never used.  @typescript-eslint/no-unused-vars
apps/web build: 104:10  Error: 'showAddTab' is assigned a value but never used.  @typescript-eslint/no-unused-vars
apps/web build: 105:10  Error: 'availableObjects' is assigned a value but never used.  @typescript-eslint/no-unused-vars
apps/web build: 106:10  Error: 'showAddColumn' is assigned a value but never used.  @typescript-eslint/no-unused-vars
apps/web build: 106:25  Error: 'setShowAddColumn' is assigned a value but never used.  @typescript-eslint/no-unused-vars
apps/web build: 107:10  Error: 'columnSearchTerm' is assigned a value but never used.  @typescript-eslint/no-unused-vars
apps/web build: 107:28  Error: 'setColumnSearchTerm' is assigned a value but never used.  @typescript-eslint/no-unused-vars
apps/web build: 108:10  Error: 'draggedColumnIndex' is assigned a value but never used.  @typescript-eslint/no-unused-vars
apps/web build: 108:30  Error: 'setDraggedColumnIndex' is assigned a value but never used.  @typescript-eslint/no-unused-vars
apps/web build: 111:9  Warning: The 'pageLayouts' logical expression could make the dependencies of useEffect Hook (at line 144) change on every render. To fix this, wrap the initialization of 'pageLayouts' in its own useMemo() Hook.  react-hooks/exhaustive-deps
apps/web build: 162:47  Error: Unexpected any. Specify a different type.  @typescript-eslint/no-explicit-any
apps/web build: 166:19  Error: Empty block statement.  no-empty
apps/web build: 241:6  Warning: React Hook useEffect has a missing dependency: 'AVAILABLE_COLUMNS'. Either include it or remove the dependency array.  react-hooks/exhaustive-deps
apps/web build: 270:38  Error: Unexpected any. Specify a different type.  @typescript-eslint/no-explicit-any
apps/web build: 281:26  Error: Unexpected any. Specify a different type.  @typescript-eslint/no-explicit-any
apps/web build: 282:26  Error: Unexpected any. Specify a different type.  @typescript-eslint/no-explicit-any
apps/web build: 334:31  Error: Unexpected any. Specify a different type.  @typescript-eslint/no-explicit-any
apps/web build: 345:11  Error: 'fieldType' is never reassigned. Use 'const' instead.  prefer-const
apps/web build: 360:57  Error: Unexpected any. Specify a different type.  @typescript-eslint/no-explicit-any
apps/web build: 435:9  Error: 'handleResetToDefault' is assigned a value but never used.  @typescript-eslint/no-unused-vars
apps/web build: 440:9  Error: 'handleDragStart' is assigned a value but never used.  @typescript-eslint/no-unused-vars
apps/web build: 444:9  Error: 'handleDragOver' is assigned a value but never used.  @typescript-eslint/no-unused-vars
apps/web build: 456:9  Error: 'handleDragEnd' is assigned a value but never used.  @typescript-eslint/no-unused-vars
apps/web build: 461:9  Error: 'handleAddTab' is assigned a value but never used.  @typescript-eslint/no-unused-vars
apps/web build: 468:9  Error: 'handleRemoveTab' is assigned a value but never used.  @typescript-eslint/no-unused-vars
apps/web build: ./app/products/page.tsx
apps/web build: 14:3  Error: 'Filter' is defined but never used.  @typescript-eslint/no-unused-vars
apps/web build: 23:3  Error: 'HelpCircle' is defined but never used.  @typescript-eslint/no-unused-vars
apps/web build: 24:3  Error: 'Cog' is defined but never used.  @typescript-eslint/no-unused-vars
apps/web build: 26:3  Error: 'Edit3' is defined but never used.  @typescript-eslint/no-unused-vars
apps/web build: 32:8  Error: 'PageHeader' is defined but never used.  @typescript-eslint/no-unused-vars
apps/web build: 33:8  Error: 'UniversalSearch' is defined but never used.  @typescript-eslint/no-unused-vars
apps/web build: 34:10  Error: 'cn' is defined but never used.  @typescript-eslint/no-unused-vars
apps/web build: 74:7  Error: 'informationModules' is assigned a value but never used.  @typescript-eslint/no-unused-vars
apps/web build: 81:7  Error: 'pipelineModules' is assigned a value but never used.  @typescript-eslint/no-unused-vars
apps/web build: 88:7  Error: 'financialModules' is assigned a value but never used.  @typescript-eslint/no-unused-vars
apps/web build: 93:7  Error: 'analyticsModules' is assigned a value but never used.  @typescript-eslint/no-unused-vars
apps/web build: 119:9  Error: 'pathname' is assigned a value but never used.  @typescript-eslint/no-unused-vars
apps/web build: 123:10  Error: 'editMode' is assigned a value but never used.  @typescript-eslint/no-unused-vars
apps/web build: 123:20  Error: 'setEditMode' is assigned a value but never used.  @typescript-eslint/no-unused-vars
apps/web build: 125:10  Error: 'isLoaded' is assigned a value but never used.  @typescript-eslint/no-unused-vars
apps/web build: 127:10  Error: 'showAddTab' is assigned a value but never used.  @typescript-eslint/no-unused-vars
apps/web build: 128:10  Error: 'availableObjects' is assigned a value but never used.  @typescript-eslint/no-unused-vars
apps/web build: 132:9  Warning: The 'pageLayouts' logical expression could make the dependencies of useEffect Hook (at line 169) change on every render. To fix this, wrap the initialization of 'pageLayouts' in its own useMemo() Hook.  react-hooks/exhaustive-deps
apps/web build: 132:9  Warning: The 'pageLayouts' logical expression could make the dependencies of useEffect Hook (at line 176) change on every render. To fix this, wrap the initialization of 'pageLayouts' in its own useMemo() Hook.  react-hooks/exhaustive-deps
apps/web build: 136:9  Error: 'AVAILABLE_COLUMNS_DYNAMIC' is assigned a value but never used.  @typescript-eslint/no-unused-vars
apps/web build: 198:46  Error: Unexpected any. Specify a different type.  @typescript-eslint/no-explicit-any
apps/web build: 279:9  Error: Unexpected lexical declaration in case block.  no-case-declarations
apps/web build: 287:38  Error: Unexpected any. Specify a different type.  @typescript-eslint/no-explicit-any
apps/web build: 299:26  Error: Unexpected any. Specify a different type.  @typescript-eslint/no-explicit-any
apps/web build: 300:26  Error: Unexpected any. Specify a different type.  @typescript-eslint/no-explicit-any
apps/web build: 343:9  Error: 'toggleColumnVisibility' is assigned a value but never used.  @typescript-eslint/no-unused-vars
apps/web build: 399:9  Error: 'isColumnVisible' is assigned a value but never used.  @typescript-eslint/no-unused-vars
apps/web build: 402:31  Error: Unexpected any. Specify a different type.  @typescript-eslint/no-explicit-any
apps/web build: 426:11  Error: 'fieldType' is never reassigned. Use 'const' instead.  prefer-const
apps/web build: 433:63  Error: Unexpected any. Specify a different type.  @typescript-eslint/no-explicit-any
apps/web build: 443:44  Error: Unexpected any. Specify a different type.  @typescript-eslint/no-explicit-any
apps/web build: 511:109  Error: Unexpected any. Specify a different type.  @typescript-eslint/no-explicit-any
apps/web build: 518:44  Error: Unexpected any. Specify a different type.  @typescript-eslint/no-explicit-any
apps/web build: 598:9  Error: 'handleResetToDefault' is assigned a value but never used.  @typescript-eslint/no-unused-vars
apps/web build: 603:9  Error: 'handleDragStart' is assigned a value but never used.  @typescript-eslint/no-unused-vars
apps/web build: 607:9  Error: 'handleDragOver' is assigned a value but never used.  @typescript-eslint/no-unused-vars
apps/web build: 622:9  Error: 'handleDragEnd' is assigned a value but never used.  @typescript-eslint/no-unused-vars
apps/web build: 627:9  Error: 'handleAddTab' is assigned a value but never used.  @typescript-eslint/no-unused-vars
apps/web build: 634:9  Error: 'handleRemoveTab' is assigned a value but never used.  @typescript-eslint/no-unused-vars
apps/web build: 952:63  Error: Unexpected any. Specify a different type.  @typescript-eslint/no-explicit-any
apps/web build: ./app/products/[id]/page.tsx
apps/web build: 23:18  Error: Unexpected any. Specify a different type.  @typescript-eslint/no-explicit-any
apps/web build: 26:10  Error: 'getLayoutForRecord' is defined but never used.  @typescript-eslint/no-unused-vars
apps/web build: 26:61  Error: Unexpected any. Specify a different type.  @typescript-eslint/no-explicit-any
apps/web build: 30:53  Error: Unexpected any. Specify a different type.  @typescript-eslint/no-explicit-any
apps/web build: 35:37  Error: Unexpected any. Specify a different type.  @typescript-eslint/no-explicit-any
apps/web build: 39:53  Error: Unexpected any. Specify a different type.  @typescript-eslint/no-explicit-any
apps/web build: 46:10  Error: 'getFieldDef' is defined but never used.  @typescript-eslint/no-unused-vars
apps/web build: 46:30  Error: Unexpected any. Specify a different type.  @typescript-eslint/no-explicit-any
apps/web build: 47:34  Error: Unexpected any. Specify a different type.  @typescript-eslint/no-explicit-any
apps/web build: 50:39  Error: Unexpected any. Specify a different type.  @typescript-eslint/no-explicit-any
apps/web build: 50:71  Error: Unexpected any. Specify a different type.  @typescript-eslint/no-explicit-any
apps/web build: 78:44  Error: Unexpected any. Specify a different type.  @typescript-eslint/no-explicit-any
apps/web build: 122:35  Error: Unexpected any. Specify a different type.  @typescript-eslint/no-explicit-any
apps/web build: 122:81  Error: Unexpected any. Specify a different type.  @typescript-eslint/no-explicit-any
apps/web build: 212:36  Error: Unexpected any. Specify a different type.  @typescript-eslint/no-explicit-any
apps/web build: 213:39  Error: Unexpected any. Specify a different type.  @typescript-eslint/no-explicit-any
apps/web build: 214:41  Error: Unexpected any. Specify a different type.  @typescript-eslint/no-explicit-any
apps/web build: 237:50  Error: Unexpected any. Specify a different type.  @typescript-eslint/no-explicit-any
apps/web build: 272:65  Error: Unexpected any. Specify a different type.  @typescript-eslint/no-explicit-any
apps/web build: 273:36  Error: Unexpected any. Specify a different type.  @typescript-eslint/no-explicit-any
apps/web build: 294:60  Error: `'` can be escaped with `&apos;`, `&lsquo;`, `&#39;`, `&rsquo;`.  react/no-unescaped-entities
apps/web build: 294:81  Error: `'` can be escaped with `&apos;`, `&lsquo;`, `&#39;`, `&rsquo;`.  react/no-unescaped-entities
apps/web build: 366:40  Error: Unexpected any. Specify a different type.  @typescript-eslint/no-explicit-any
apps/web build: 368:44  Error: Unexpected any. Specify a different type.  @typescript-eslint/no-explicit-any
apps/web build: 371:49  Error: Unexpected any. Specify a different type.  @typescript-eslint/no-explicit-any
apps/web build: 398:60  Error: Unexpected any. Specify a different type.  @typescript-eslint/no-explicit-any
apps/web build: 445:57  Error: `'` can be escaped with `&apos;`, `&lsquo;`, `&#39;`, `&rsquo;`.  react/no-unescaped-entities
apps/web build: ./app/projects/page.tsx
apps/web build: 23:3  Error: 'HelpCircle' is defined but never used.  @typescript-eslint/no-unused-vars
apps/web build: 24:3  Error: 'Cog' is defined but never used.  @typescript-eslint/no-unused-vars
apps/web build: 25:3  Error: 'Edit3' is defined but never used.  @typescript-eslint/no-unused-vars
apps/web build: 31:8  Error: 'PageHeader' is defined but never used.  @typescript-eslint/no-unused-vars
apps/web build: 32:8  Error: 'UniversalSearch' is defined but never used.  @typescript-eslint/no-unused-vars
apps/web build: 33:10  Error: 'cn' is defined but never used.  @typescript-eslint/no-unused-vars
apps/web build: 55:7  Error: 'informationModules' is assigned a value but never used.  @typescript-eslint/no-unused-vars
apps/web build: 62:7  Error: 'pipelineModules' is assigned a value but never used.  @typescript-eslint/no-unused-vars
apps/web build: 69:7  Error: 'financialModules' is assigned a value but never used.  @typescript-eslint/no-unused-vars
apps/web build: 74:7  Error: 'analyticsModules' is assigned a value but never used.  @typescript-eslint/no-unused-vars
apps/web build: 96:9  Error: 'pathname' is assigned a value but never used.  @typescript-eslint/no-unused-vars
apps/web build: 100:10  Error: 'editMode' is assigned a value but never used.  @typescript-eslint/no-unused-vars
apps/web build: 100:20  Error: 'setEditMode' is assigned a value but never used.  @typescript-eslint/no-unused-vars
apps/web build: 102:10  Error: 'isLoaded' is assigned a value but never used.  @typescript-eslint/no-unused-vars
apps/web build: 104:10  Error: 'showAddTab' is assigned a value but never used.  @typescript-eslint/no-unused-vars
apps/web build: 105:10  Error: 'availableObjects' is assigned a value but never used.  @typescript-eslint/no-unused-vars
apps/web build: 112:9  Warning: The 'pageLayouts' logical expression could make the dependencies of useEffect Hook (at line 155) change on every render. To fix this, wrap the initialization of 'pageLayouts' in its own useMemo() Hook.  react-hooks/exhaustive-deps
apps/web build: 112:9  Warning: The 'pageLayouts' logical expression could make the dependencies of useEffect Hook (at line 162) change on every render. To fix this, wrap the initialization of 'pageLayouts' in its own useMemo() Hook.  react-hooks/exhaustive-deps
apps/web build: 180:47  Error: Unexpected any. Specify a different type.  @typescript-eslint/no-explicit-any
apps/web build: 184:19  Error: Empty block statement.  no-empty
apps/web build: 197:6  Warning: React Hook useEffect has a missing dependency: 'AVAILABLE_COLUMNS'. Either include it or remove the dependency array.  react-hooks/exhaustive-deps
apps/web build: 233:9  Error: 'toggleColumnVisibility' is assigned a value but never used.  @typescript-eslint/no-unused-vars
apps/web build: 286:9  Error: 'isColumnVisible' is assigned a value but never used.  @typescript-eslint/no-unused-vars
apps/web build: 300:11  Error: 'fieldType' is never reassigned. Use 'const' instead.  prefer-const
apps/web build: 333:38  Error: Unexpected any. Specify a different type.  @typescript-eslint/no-explicit-any
apps/web build: 344:26  Error: Unexpected any. Specify a different type.  @typescript-eslint/no-explicit-any
apps/web build: 345:26  Error: Unexpected any. Specify a different type.  @typescript-eslint/no-explicit-any
apps/web build: 377:63  Error: Unexpected any. Specify a different type.  @typescript-eslint/no-explicit-any
apps/web build: 377:69  Error: 'layoutId' is defined but never used.  @typescript-eslint/no-unused-vars
apps/web build: 385:44  Error: Unexpected any. Specify a different type.  @typescript-eslint/no-explicit-any
apps/web build: 445:44  Error: Unexpected any. Specify a different type.  @typescript-eslint/no-explicit-any
apps/web build: 517:9  Error: 'handleResetToDefault' is assigned a value but never used.  @typescript-eslint/no-unused-vars
apps/web build: 522:9  Error: 'handleDragStart' is assigned a value but never used.  @typescript-eslint/no-unused-vars
apps/web build: 526:9  Error: 'handleDragOver' is assigned a value but never used.  @typescript-eslint/no-unused-vars
apps/web build: 538:9  Error: 'handleDragEnd' is assigned a value but never used.  @typescript-eslint/no-unused-vars
apps/web build: 543:9  Error: 'handleAddTab' is assigned a value but never used.  @typescript-eslint/no-unused-vars
apps/web build: 550:9  Error: 'handleRemoveTab' is assigned a value but never used.  @typescript-eslint/no-unused-vars
apps/web build: ./app/projects/[id]/page.tsx
apps/web build: 23:18  Error: Unexpected any. Specify a different type.  @typescript-eslint/no-explicit-any
apps/web build: 26:61  Error: Unexpected any. Specify a different type.  @typescript-eslint/no-explicit-any
apps/web build: 30:53  Error: Unexpected any. Specify a different type.  @typescript-eslint/no-explicit-any
apps/web build: 35:37  Error: Unexpected any. Specify a different type.  @typescript-eslint/no-explicit-any
apps/web build: 39:53  Error: Unexpected any. Specify a different type.  @typescript-eslint/no-explicit-any
apps/web build: 46:30  Error: Unexpected any. Specify a different type.  @typescript-eslint/no-explicit-any
apps/web build: 47:34  Error: Unexpected any. Specify a different type.  @typescript-eslint/no-explicit-any
apps/web build: 50:39  Error: Unexpected any. Specify a different type.  @typescript-eslint/no-explicit-any
apps/web build: 50:71  Error: Unexpected any. Specify a different type.  @typescript-eslint/no-explicit-any
apps/web build: 78:44  Error: Unexpected any. Specify a different type.  @typescript-eslint/no-explicit-any
apps/web build: 122:35  Error: Unexpected any. Specify a different type.  @typescript-eslint/no-explicit-any
apps/web build: 122:81  Error: Unexpected any. Specify a different type.  @typescript-eslint/no-explicit-any
apps/web build: 191:50  Error: Unexpected any. Specify a different type.  @typescript-eslint/no-explicit-any
apps/web build: 226:65  Error: Unexpected any. Specify a different type.  @typescript-eslint/no-explicit-any
apps/web build: 227:36  Error: Unexpected any. Specify a different type.  @typescript-eslint/no-explicit-any
apps/web build: 248:60  Error: `'` can be escaped with `&apos;`, `&lsquo;`, `&#39;`, `&rsquo;`.  react/no-unescaped-entities
apps/web build: 248:81  Error: `'` can be escaped with `&apos;`, `&lsquo;`, `&#39;`, `&rsquo;`.  react/no-unescaped-entities
apps/web build: 375:55  Error: `'` can be escaped with `&apos;`, `&lsquo;`, `&#39;`, `&rsquo;`.  react/no-unescaped-entities
apps/web build: ./app/properties/page.tsx
apps/web build: 13:3  Error: 'Building2' is defined but never used.  @typescript-eslint/no-unused-vars
apps/web build: 14:3  Error: 'Users' is defined but never used.  @typescript-eslint/no-unused-vars
apps/web build: 15:3  Error: 'Calendar' is defined but never used.  @typescript-eslint/no-unused-vars
apps/web build: 16:3  Error: 'FolderOpen' is defined but never used.  @typescript-eslint/no-unused-vars
apps/web build: 19:3  Error: 'Filter' is defined but never used.  @typescript-eslint/no-unused-vars
apps/web build: 28:3  Error: 'HelpCircle' is defined but never used.  @typescript-eslint/no-unused-vars
apps/web build: 29:3  Error: 'Cog' is defined but never used.  @typescript-eslint/no-unused-vars
apps/web build: 30:3  Error: 'Edit3' is defined but never used.  @typescript-eslint/no-unused-vars
apps/web build: 36:8  Error: 'PageHeader' is defined but never used.  @typescript-eslint/no-unused-vars
apps/web build: 37:8  Error: 'UniversalSearch' is defined but never used.  @typescript-eslint/no-unused-vars
apps/web build: 38:10  Error: 'cn' is defined but never used.  @typescript-eslint/no-unused-vars
apps/web build: 64:7  Error: 'AVAILABLE_COLUMNS' is assigned a value but never used.  @typescript-eslint/no-unused-vars
apps/web build: 82:7  Error: 'informationModules' is assigned a value but never used.  @typescript-eslint/no-unused-vars
apps/web build: 89:7  Error: 'pipelineModules' is assigned a value but never used.  @typescript-eslint/no-unused-vars
apps/web build: 96:7  Error: 'financialModules' is assigned a value but never used.  @typescript-eslint/no-unused-vars
apps/web build: 101:7  Error: 'analyticsModules' is assigned a value but never used.  @typescript-eslint/no-unused-vars
apps/web build: 127:9  Error: 'pathname' is assigned a value but never used.  @typescript-eslint/no-unused-vars
apps/web build: 131:10  Error: 'editMode' is assigned a value but never used.  @typescript-eslint/no-unused-vars
apps/web build: 131:20  Error: 'setEditMode' is assigned a value but never used.  @typescript-eslint/no-unused-vars
apps/web build: 133:10  Error: 'isLoaded' is assigned a value but never used.  @typescript-eslint/no-unused-vars
apps/web build: 135:10  Error: 'showAddTab' is assigned a value but never used.  @typescript-eslint/no-unused-vars
apps/web build: 136:10  Error: 'availableObjects' is assigned a value but never used.  @typescript-eslint/no-unused-vars
apps/web build: 140:9  Warning: The 'pageLayouts' logical expression could make the dependencies of useEffect Hook (at line 192) change on every render. To fix this, wrap the initialization of 'pageLayouts' in its own useMemo() Hook.  react-hooks/exhaustive-deps
apps/web build: 140:9  Warning: The 'pageLayouts' logical expression could make the dependencies of useEffect Hook (at line 199) change on every render. To fix this, wrap the initialization of 'pageLayouts' in its own useMemo() Hook.  react-hooks/exhaustive-deps
apps/web build: 221:46  Error: Unexpected any. Specify a different type.  @typescript-eslint/no-explicit-any
apps/web build: 285:6  Warning: React Hook useEffect has a missing dependency: 'AVAILABLE_COLUMNS'. Either include it or remove the dependency array.  react-hooks/exhaustive-deps
apps/web build: 312:9  Error: Unexpected lexical declaration in case block.  no-case-declarations
apps/web build: 320:39  Error: Unexpected any. Specify a different type.  @typescript-eslint/no-explicit-any
apps/web build: 332:26  Error: Unexpected any. Specify a different type.  @typescript-eslint/no-explicit-any
apps/web build: 333:26  Error: Unexpected any. Specify a different type.  @typescript-eslint/no-explicit-any
apps/web build: 365:9  Error: 'toggleColumnVisibility' is assigned a value but never used.  @typescript-eslint/no-unused-vars
apps/web build: 421:9  Error: 'isColumnVisible' is assigned a value but never used.  @typescript-eslint/no-unused-vars
apps/web build: 424:32  Error: Unexpected any. Specify a different type.  @typescript-eslint/no-explicit-any
apps/web build: 452:63  Error: Unexpected any. Specify a different type.  @typescript-eslint/no-explicit-any
apps/web build: 461:42  Error: Unexpected any. Specify a different type.  @typescript-eslint/no-explicit-any
apps/web build: 582:9  Error: 'handleResetToDefault' is assigned a value but never used.  @typescript-eslint/no-unused-vars
apps/web build: 587:9  Error: 'handleDragStart' is assigned a value but never used.  @typescript-eslint/no-unused-vars
apps/web build: 591:9  Error: 'handleDragOver' is assigned a value but never used.  @typescript-eslint/no-unused-vars
apps/web build: 606:9  Error: 'handleDragEnd' is assigned a value but never used.  @typescript-eslint/no-unused-vars
apps/web build: 611:9  Error: 'handleAddTab' is assigned a value but never used.  @typescript-eslint/no-unused-vars
apps/web build: 618:9  Error: 'handleRemoveTab' is assigned a value but never used.  @typescript-eslint/no-unused-vars
apps/web build: 942:63  Error: Unexpected any. Specify a different type.  @typescript-eslint/no-explicit-any
apps/web build: ./app/properties/[id]/page.tsx
apps/web build: 23:18  Error: Unexpected any. Specify a different type.  @typescript-eslint/no-explicit-any
apps/web build: 82:60  Error: Unexpected any. Specify a different type.  @typescript-eslint/no-explicit-any
apps/web build: 110:46  Error: Unexpected any. Specify a different type.  @typescript-eslint/no-explicit-any
apps/web build: 157:53  Error: Unexpected any. Specify a different type.  @typescript-eslint/no-explicit-any
apps/web build: 223:50  Error: Unexpected any. Specify a different type.  @typescript-eslint/no-explicit-any
apps/web build: 258:70  Error: Unexpected any. Specify a different type.  @typescript-eslint/no-explicit-any
apps/web build: 259:36  Error: Unexpected any. Specify a different type.  @typescript-eslint/no-explicit-any
apps/web build: 280:61  Error: `'` can be escaped with `&apos;`, `&lsquo;`, `&#39;`, `&rsquo;`.  react/no-unescaped-entities
apps/web build: 280:82  Error: `'` can be escaped with `&apos;`, `&lsquo;`, `&#39;`, `&rsquo;`.  react/no-unescaped-entities
apps/web build: 404:56  Error: `'` can be escaped with `&apos;`, `&lsquo;`, `&#39;`, `&rsquo;`.  react/no-unescaped-entities
apps/web build: ./app/quotes/page.tsx
apps/web build: 23:3  Error: 'HelpCircle' is defined but never used.  @typescript-eslint/no-unused-vars
apps/web build: 24:3  Error: 'Cog' is defined but never used.  @typescript-eslint/no-unused-vars
apps/web build: 25:3  Error: 'Edit3' is defined but never used.  @typescript-eslint/no-unused-vars
apps/web build: 31:8  Error: 'PageHeader' is defined but never used.  @typescript-eslint/no-unused-vars
apps/web build: 32:8  Error: 'UniversalSearch' is defined but never used.  @typescript-eslint/no-unused-vars
apps/web build: 33:10  Error: 'cn' is defined but never used.  @typescript-eslint/no-unused-vars
apps/web build: 72:9  Error: 'pathname' is assigned a value but never used.  @typescript-eslint/no-unused-vars
apps/web build: 76:10  Error: 'editMode' is assigned a value but never used.  @typescript-eslint/no-unused-vars
apps/web build: 76:20  Error: 'setEditMode' is assigned a value but never used.  @typescript-eslint/no-unused-vars
apps/web build: 78:10  Error: 'isLoaded' is assigned a value but never used.  @typescript-eslint/no-unused-vars
apps/web build: 80:10  Error: 'showAddTab' is assigned a value but never used.  @typescript-eslint/no-unused-vars
apps/web build: 81:10  Error: 'availableObjects' is assigned a value but never used.  @typescript-eslint/no-unused-vars
apps/web build: 88:9  Warning: The 'pageLayouts' logical expression could make the dependencies of useEffect Hook (at line 120) change on every render. To fix this, wrap the initialization of 'pageLayouts' in its own useMemo() Hook.  react-hooks/exhaustive-deps
apps/web build: 88:9  Warning: The 'pageLayouts' logical expression could make the dependencies of useEffect Hook (at line 134) change on every render. To fix this, wrap the initialization of 'pageLayouts' in its own useMemo() Hook.  react-hooks/exhaustive-deps
apps/web build: 152:47  Error: Unexpected any. Specify a different type.  @typescript-eslint/no-explicit-any
apps/web build: 156:19  Error: Empty block statement.  no-empty
apps/web build: 203:6  Warning: React Hook useEffect has a missing dependency: 'AVAILABLE_COLUMNS'. Either include it or remove the dependency array.  react-hooks/exhaustive-deps
apps/web build: 205:9  Error: 'toggleColumnVisibility' is assigned a value but never used.  @typescript-eslint/no-unused-vars
apps/web build: 227:11  Error: 'fieldType' is never reassigned. Use 'const' instead.  prefer-const
apps/web build: 261:36  Error: Unexpected any. Specify a different type.  @typescript-eslint/no-explicit-any
apps/web build: 272:26  Error: Unexpected any. Specify a different type.  @typescript-eslint/no-explicit-any
apps/web build: 273:26  Error: Unexpected any. Specify a different type.  @typescript-eslint/no-explicit-any
apps/web build: 352:63  Error: Unexpected any. Specify a different type.  @typescript-eslint/no-explicit-any
apps/web build: 352:69  Error: 'layoutId' is defined but never used.  @typescript-eslint/no-unused-vars
apps/web build: 360:44  Error: Unexpected any. Specify a different type.  @typescript-eslint/no-explicit-any
apps/web build: 423:44  Error: Unexpected any. Specify a different type.  @typescript-eslint/no-explicit-any
apps/web build: 500:9  Error: 'handleResetToDefault' is assigned a value but never used.  @typescript-eslint/no-unused-vars
apps/web build: 505:9  Error: 'handleDragStart' is assigned a value but never used.  @typescript-eslint/no-unused-vars
apps/web build: 509:9  Error: 'handleDragOver' is assigned a value but never used.  @typescript-eslint/no-unused-vars
apps/web build: 521:9  Error: 'handleDragEnd' is assigned a value but never used.  @typescript-eslint/no-unused-vars
apps/web build: 526:9  Error: 'handleAddTab' is assigned a value but never used.  @typescript-eslint/no-unused-vars
apps/web build: 533:9  Error: 'handleRemoveTab' is assigned a value but never used.  @typescript-eslint/no-unused-vars
apps/web build: ./app/quotes/[id]/page.tsx
apps/web build: 23:18  Error: Unexpected any. Specify a different type.  @typescript-eslint/no-explicit-any
apps/web build: 26:59  Error: Unexpected any. Specify a different type.  @typescript-eslint/no-explicit-any
apps/web build: 30:53  Error: Unexpected any. Specify a different type.  @typescript-eslint/no-explicit-any
apps/web build: 35:37  Error: Unexpected any. Specify a different type.  @typescript-eslint/no-explicit-any
apps/web build: 39:53  Error: Unexpected any. Specify a different type.  @typescript-eslint/no-explicit-any
apps/web build: 46:30  Error: Unexpected any. Specify a different type.  @typescript-eslint/no-explicit-any
apps/web build: 47:34  Error: Unexpected any. Specify a different type.  @typescript-eslint/no-explicit-any
apps/web build: 50:39  Error: Unexpected any. Specify a different type.  @typescript-eslint/no-explicit-any
apps/web build: 50:71  Error: Unexpected any. Specify a different type.  @typescript-eslint/no-explicit-any
apps/web build: 78:44  Error: Unexpected any. Specify a different type.  @typescript-eslint/no-explicit-any
apps/web build: 122:35  Error: Unexpected any. Specify a different type.  @typescript-eslint/no-explicit-any
apps/web build: 122:79  Error: Unexpected any. Specify a different type.  @typescript-eslint/no-explicit-any
apps/web build: 191:50  Error: Unexpected any. Specify a different type.  @typescript-eslint/no-explicit-any
apps/web build: 226:61  Error: Unexpected any. Specify a different type.  @typescript-eslint/no-explicit-any
apps/web build: 227:36  Error: Unexpected any. Specify a different type.  @typescript-eslint/no-explicit-any
apps/web build: 248:58  Error: `'` can be escaped with `&apos;`, `&lsquo;`, `&#39;`, `&rsquo;`.  react/no-unescaped-entities
apps/web build: 248:79  Error: `'` can be escaped with `&apos;`, `&lsquo;`, `&#39;`, `&rsquo;`.  react/no-unescaped-entities
apps/web build: 375:53  Error: `'` can be escaped with `&apos;`, `&lsquo;`, `&#39;`, `&rsquo;`.  react/no-unescaped-entities
apps/web build: ./app/reports/builder/page.tsx
apps/web build: 8:3  Error: 'Plus' is defined but never used.  @typescript-eslint/no-unused-vars
apps/web build: 18:8  Error: 'PageHeader' is defined but never used.  @typescript-eslint/no-unused-vars
apps/web build: 22:36  Error: Unexpected any. Specify a different type.  @typescript-eslint/no-explicit-any
apps/web build: 63:10  Error: Unexpected any. Specify a different type.  @typescript-eslint/no-explicit-any
apps/web build: 118:50  Error: Unexpected any. Specify a different type.  @typescript-eslint/no-explicit-any
apps/web build: 159:83  Error: Unexpected any. Specify a different type.  @typescript-eslint/no-explicit-any
apps/web build: 160:55  Error: Unexpected any. Specify a different type.  @typescript-eslint/no-explicit-any
apps/web build: 162:58  Error: Unexpected any. Specify a different type.  @typescript-eslint/no-explicit-any
apps/web build: 186:47  Error: Unexpected any. Specify a different type.  @typescript-eslint/no-explicit-any
apps/web build: 261:20  Error: Unexpected any. Specify a different type.  @typescript-eslint/no-explicit-any
apps/web build: 280:60  Error: Unexpected any. Specify a different type.  @typescript-eslint/no-explicit-any
apps/web build: 281:34  Error: Unexpected any. Specify a different type.  @typescript-eslint/no-explicit-any
apps/web build: 300:22  Error: Unexpected any. Specify a different type.  @typescript-eslint/no-explicit-any
apps/web build: 353:74  Error: Unexpected any. Specify a different type.  @typescript-eslint/no-explicit-any
apps/web build: 359:9  Error: 'toggleField' is assigned a value but never used.  @typescript-eslint/no-unused-vars
apps/web build: 379:49  Error: Unexpected any. Specify a different type.  @typescript-eslint/no-explicit-any
apps/web build: 548:66  Error: Unexpected any. Specify a different type.  @typescript-eslint/no-explicit-any
apps/web build: 794:65  Error: Unexpected any. Specify a different type.  @typescript-eslint/no-explicit-any
apps/web build: 851:32  Error: `"` can be escaped with `&quot;`, `&ldquo;`, `&#34;`, `&rdquo;`.  react/no-unescaped-entities
apps/web build: 851:43  Error: `"` can be escaped with `&quot;`, `&ldquo;`, `&#34;`, `&rdquo;`.  react/no-unescaped-entities
apps/web build: ./app/reports/page.tsx
apps/web build: 10:3  Error: 'Filter' is defined but never used.  @typescript-eslint/no-unused-vars
apps/web build: 11:3  Error: 'Download' is defined but never used.  @typescript-eslint/no-unused-vars
apps/web build: 12:3  Error: 'Eye' is defined but never used.  @typescript-eslint/no-unused-vars
apps/web build: 23:3  Error: 'FolderOpen' is defined but never used.  @typescript-eslint/no-unused-vars
apps/web build: 24:3  Error: 'Folder' is defined but never used.  @typescript-eslint/no-unused-vars
apps/web build: 26:3  Error: 'Share2' is defined but never used.  @typescript-eslint/no-unused-vars
apps/web build: 29:3  Error: 'MoreVertical' is defined but never used.  @typescript-eslint/no-unused-vars
apps/web build: 31:3  Error: 'HelpCircle' is defined but never used.  @typescript-eslint/no-unused-vars
apps/web build: 32:3  Error: 'Cog' is defined but never used.  @typescript-eslint/no-unused-vars
apps/web build: 33:3  Error: 'Edit3' is defined but never used.  @typescript-eslint/no-unused-vars
apps/web build: 37:8  Error: 'UniversalSearch' is defined but never used.  @typescript-eslint/no-unused-vars
apps/web build: 38:10  Error: 'cn' is defined but never used.  @typescript-eslint/no-unused-vars
apps/web build: 48:12  Error: Unexpected any. Specify a different type.  @typescript-eslint/no-explicit-any
apps/web build: 76:9  Error: 'pathname' is assigned a value but never used.  @typescript-eslint/no-unused-vars
apps/web build: 79:10  Error: 'isLoaded' is assigned a value but never used.  @typescript-eslint/no-unused-vars
apps/web build: 92:10  Error: 'openDropdownId' is assigned a value but never used.  @typescript-eslint/no-unused-vars
apps/web build: 92:26  Error: 'setOpenDropdownId' is assigned a value but never used.  @typescript-eslint/no-unused-vars
apps/web build: 111:46  Error: Unexpected any. Specify a different type.  @typescript-eslint/no-explicit-any
apps/web build: 126:6  Warning: React Hook useEffect has a missing dependency: 'loadReports'. Either include it or remove the dependency array.  react-hooks/exhaustive-deps
apps/web build: 262:9  Error: 'handleTogglePrivate' is assigned a value but never used.  @typescript-eslint/no-unused-vars
apps/web build: 577:141  Error: `'` can be escaped with `&apos;`, `&lsquo;`, `&#39;`, `&rsquo;`.  react/no-unescaped-entities
apps/web build: ./app/reports/view/[id]/page.tsx
apps/web build: 11:3  Error: 'X' is defined but never used.  @typescript-eslint/no-unused-vars
apps/web build: 32:10  Error: Unexpected any. Specify a different type.  @typescript-eslint/no-explicit-any
apps/web build: 39:9  Error: 'router' is assigned a value but never used.  @typescript-eslint/no-unused-vars
apps/web build: 43:36  Error: Unexpected any. Specify a different type.  @typescript-eslint/no-explicit-any
apps/web build: 45:67  Error: Unexpected any. Specify a different type.  @typescript-eslint/no-explicit-any
apps/web build: 49:6  Warning: React Hook useEffect has a missing dependency: 'loadReport'. Either include it or remove the dependency array.  react-hooks/exhaustive-deps
apps/web build: 94:18  Error: Unexpected any. Specify a different type.  @typescript-eslint/no-explicit-any
apps/web build: 125:26  Error: Unexpected any. Specify a different type.  @typescript-eslint/no-explicit-any
apps/web build: 158:21  Error: Unexpected any. Specify a different type.  @typescript-eslint/no-explicit-any
apps/web build: 162:21  Error: Unexpected any. Specify a different type.  @typescript-eslint/no-explicit-any
apps/web build: 195:34  Error: Unexpected any. Specify a different type.  @typescript-eslint/no-explicit-any
apps/web build: 219:34  Error: Unexpected any. Specify a different type.  @typescript-eslint/no-explicit-any
apps/web build: 231:31  Error: Unexpected any. Specify a different type.  @typescript-eslint/no-explicit-any
apps/web build: 239:31  Error: Unexpected any. Specify a different type.  @typescript-eslint/no-explicit-any
apps/web build: 242:46  Error: Unexpected any. Specify a different type.  @typescript-eslint/no-explicit-any
apps/web build: 322:38  Error: Unexpected any. Specify a different type.  @typescript-eslint/no-explicit-any
apps/web build: 349:59  Error: `'` can be escaped with `&apos;`, `&lsquo;`, `&#39;`, `&rsquo;`.  react/no-unescaped-entities
apps/web build: 349:80  Error: `'` can be escaped with `&apos;`, `&lsquo;`, `&#39;`, `&rsquo;`.  react/no-unescaped-entities
apps/web build: ./app/service/page.tsx
apps/web build: 23:3  Error: 'HelpCircle' is defined but never used.  @typescript-eslint/no-unused-vars
apps/web build: 24:3  Error: 'Cog' is defined but never used.  @typescript-eslint/no-unused-vars
apps/web build: 25:3  Error: 'Edit3' is defined but never used.  @typescript-eslint/no-unused-vars
apps/web build: 31:8  Error: 'PageHeader' is defined but never used.  @typescript-eslint/no-unused-vars
apps/web build: 32:8  Error: 'UniversalSearch' is defined but never used.  @typescript-eslint/no-unused-vars
apps/web build: 33:10  Error: 'cn' is defined but never used.  @typescript-eslint/no-unused-vars
apps/web build: 57:7  Error: 'informationModules' is assigned a value but never used.  @typescript-eslint/no-unused-vars
apps/web build: 64:7  Error: 'pipelineModules' is assigned a value but never used.  @typescript-eslint/no-unused-vars
apps/web build: 71:7  Error: 'financialModules' is assigned a value but never used.  @typescript-eslint/no-unused-vars
apps/web build: 76:7  Error: 'analyticsModules' is assigned a value but never used.  @typescript-eslint/no-unused-vars
apps/web build: 98:9  Error: 'pathname' is assigned a value but never used.  @typescript-eslint/no-unused-vars
apps/web build: 102:10  Error: 'editMode' is assigned a value but never used.  @typescript-eslint/no-unused-vars
apps/web build: 102:20  Error: 'setEditMode' is assigned a value but never used.  @typescript-eslint/no-unused-vars
apps/web build: 104:10  Error: 'isLoaded' is assigned a value but never used.  @typescript-eslint/no-unused-vars
apps/web build: 106:10  Error: 'showAddTab' is assigned a value but never used.  @typescript-eslint/no-unused-vars
apps/web build: 107:10  Error: 'availableObjects' is assigned a value but never used.  @typescript-eslint/no-unused-vars
apps/web build: 113:9  Warning: The 'pageLayouts' logical expression could make the dependencies of useEffect Hook (at line 152) change on every render. To fix this, wrap the initialization of 'pageLayouts' in its own useMemo() Hook.  react-hooks/exhaustive-deps
apps/web build: 113:9  Warning: The 'pageLayouts' logical expression could make the dependencies of useEffect Hook (at line 159) change on every render. To fix this, wrap the initialization of 'pageLayouts' in its own useMemo() Hook.  react-hooks/exhaustive-deps
apps/web build: 177:47  Error: Unexpected any. Specify a different type.  @typescript-eslint/no-explicit-any
apps/web build: 181:19  Error: Empty block statement.  no-empty
apps/web build: 232:6  Warning: React Hook useEffect has a missing dependency: 'AVAILABLE_COLUMNS'. Either include it or remove the dependency array.  react-hooks/exhaustive-deps
apps/web build: 262:38  Error: Unexpected any. Specify a different type.  @typescript-eslint/no-explicit-any
apps/web build: 273:26  Error: Unexpected any. Specify a different type.  @typescript-eslint/no-explicit-any
apps/web build: 274:26  Error: Unexpected any. Specify a different type.  @typescript-eslint/no-explicit-any
apps/web build: 352:31  Error: Unexpected any. Specify a different type.  @typescript-eslint/no-explicit-any
apps/web build: 369:11  Error: 'fieldType' is never reassigned. Use 'const' instead.  prefer-const
apps/web build: 376:63  Error: Unexpected any. Specify a different type.  @typescript-eslint/no-explicit-any
apps/web build: 376:69  Error: 'layoutId' is defined but never used.  @typescript-eslint/no-unused-vars
apps/web build: 384:44  Error: Unexpected any. Specify a different type.  @typescript-eslint/no-explicit-any
apps/web build: 448:44  Error: Unexpected any. Specify a different type.  @typescript-eslint/no-explicit-any
apps/web build: 524:9  Error: 'handleResetToDefault' is assigned a value but never used.  @typescript-eslint/no-unused-vars
apps/web build: 529:9  Error: 'handleDragStart' is assigned a value but never used.  @typescript-eslint/no-unused-vars
apps/web build: 533:9  Error: 'handleDragOver' is assigned a value but never used.  @typescript-eslint/no-unused-vars
apps/web build: 545:9  Error: 'handleDragEnd' is assigned a value but never used.  @typescript-eslint/no-unused-vars
apps/web build: 550:9  Error: 'handleAddTab' is assigned a value but never used.  @typescript-eslint/no-unused-vars
apps/web build: 557:9  Error: 'handleRemoveTab' is assigned a value but never used.  @typescript-eslint/no-unused-vars
apps/web build: ./app/service/[id]/page.tsx
apps/web build: 23:18  Error: Unexpected any. Specify a different type.  @typescript-eslint/no-explicit-any
apps/web build: 26:61  Error: Unexpected any. Specify a different type.  @typescript-eslint/no-explicit-any
apps/web build: 30:53  Error: Unexpected any. Specify a different type.  @typescript-eslint/no-explicit-any
apps/web build: 35:37  Error: Unexpected any. Specify a different type.  @typescript-eslint/no-explicit-any
apps/web build: 39:53  Error: Unexpected any. Specify a different type.  @typescript-eslint/no-explicit-any
apps/web build: 46:30  Error: Unexpected any. Specify a different type.  @typescript-eslint/no-explicit-any
apps/web build: 47:34  Error: Unexpected any. Specify a different type.  @typescript-eslint/no-explicit-any
apps/web build: 50:39  Error: Unexpected any. Specify a different type.  @typescript-eslint/no-explicit-any
apps/web build: 50:71  Error: Unexpected any. Specify a different type.  @typescript-eslint/no-explicit-any
apps/web build: 78:44  Error: Unexpected any. Specify a different type.  @typescript-eslint/no-explicit-any
apps/web build: 122:35  Error: Unexpected any. Specify a different type.  @typescript-eslint/no-explicit-any
apps/web build: 122:81  Error: Unexpected any. Specify a different type.  @typescript-eslint/no-explicit-any
apps/web build: 191:50  Error: Unexpected any. Specify a different type.  @typescript-eslint/no-explicit-any
apps/web build: 226:65  Error: Unexpected any. Specify a different type.  @typescript-eslint/no-explicit-any
apps/web build: 227:36  Error: Unexpected any. Specify a different type.  @typescript-eslint/no-explicit-any
apps/web build: 248:60  Error: `'` can be escaped with `&apos;`, `&lsquo;`, `&#39;`, `&rsquo;`.  react/no-unescaped-entities
apps/web build: 248:81  Error: `'` can be escaped with `&apos;`, `&lsquo;`, `&#39;`, `&rsquo;`.  react/no-unescaped-entities
apps/web build: 375:55  Error: `'` can be escaped with `&apos;`, `&lsquo;`, `&#39;`, `&rsquo;`.  react/no-unescaped-entities
apps/web build: ./app/settings/page.tsx
apps/web build: 87:9  Error: 'pathname' is assigned a value but never used.  @typescript-eslint/no-unused-vars
apps/web build: ./app/summary/page.tsx
apps/web build: 5:8  Error: 'Link' is defined but never used.  @typescript-eslint/no-unused-vars
apps/web build: 20:3  Error: 'Eye' is defined but never used.  @typescript-eslint/no-unused-vars
apps/web build: 158:25  Error: 'rowId' is defined but never used.  @typescript-eslint/no-unused-vars
apps/web build: 158:32  Error: 'field' is defined but never used.  @typescript-eslint/no-unused-vars
apps/web build: 193:6  Warning: React Hook useEffect has a missing dependency: 'filteredOptions.length'. Either include it or remove the dependency array.  react-hooks/exhaustive-deps
apps/web build: 324:22  Error: 'rowId' is defined but never used.  @typescript-eslint/no-unused-vars
apps/web build: 324:29  Error: 'field' is defined but never used.  @typescript-eslint/no-unused-vars
apps/web build: 566:9  Error: 'columnFields' is assigned a value but never used.  @typescript-eslint/no-unused-vars
apps/web build: 583:9  Error: 'router' is assigned a value but never used.  @typescript-eslint/no-unused-vars
apps/web build: 615:9  Error: Unexpected lexical declaration in case block.  no-case-declarations
apps/web build: 635:26  Error: Unexpected any. Specify a different type.  @typescript-eslint/no-explicit-any
apps/web build: 636:26  Error: Unexpected any. Specify a different type.  @typescript-eslint/no-explicit-any
apps/web build: ./components/advanced-filters.tsx
apps/web build: 4:33  Error: 'Trash2' is defined but never used.  @typescript-eslint/no-unused-vars
apps/web build: 4:41  Error: 'ChevronDown' is defined but never used.  @typescript-eslint/no-unused-vars
apps/web build: 162:28  Error: Unexpected any. Specify a different type.  @typescript-eslint/no-explicit-any
apps/web build: 257:48  Error: `"` can be escaped with `&quot;`, `&ldquo;`, `&#34;`, `&rdquo;`.  react/no-unescaped-entities
apps/web build: 257:62  Error: `"` can be escaped with `&quot;`, `&ldquo;`, `&#34;`, `&rdquo;`.  react/no-unescaped-entities
apps/web build: ./components/dynamic-form-dialog.tsx
apps/web build: 18:31  Error: Unexpected any. Specify a different type.  @typescript-eslint/no-explicit-any
apps/web build: 19:35  Error: Unexpected any. Specify a different type.  @typescript-eslint/no-explicit-any
apps/web build: 33:46  Error: Unexpected any. Specify a different type.  @typescript-eslint/no-explicit-any
apps/web build: ./components/dynamic-form.tsx
apps/web build: 5:10  Error: 'PageLayout' is defined but never used.  @typescript-eslint/no-unused-vars
apps/web build: 5:43  Error: 'ObjectDef' is defined but never used.  @typescript-eslint/no-unused-vars
apps/web build: 35:31  Error: Unexpected any. Specify a different type.  @typescript-eslint/no-explicit-any
apps/web build: 36:35  Error: Unexpected any. Specify a different type.  @typescript-eslint/no-explicit-any
apps/web build: 49:59  Error: Unexpected any. Specify a different type.  @typescript-eslint/no-explicit-any
apps/web build: 83:40  Error: Unexpected any. Specify a different type.  @typescript-eslint/no-explicit-any
apps/web build: 98:37  Error: Unexpected any. Specify a different type.  @typescript-eslint/no-explicit-any
apps/web build: 105:18  Error: Unexpected any. Specify a different type.  @typescript-eslint/no-explicit-any
apps/web build: 108:35  Error: Unexpected any. Specify a different type.  @typescript-eslint/no-explicit-any
apps/web build: 189:35  Error: Unexpected any. Specify a different type.  @typescript-eslint/no-explicit-any
apps/web build: 219:59  Error: Unexpected any. Specify a different type.  @typescript-eslint/no-explicit-any
apps/web build: 270:31  Error: Unnecessary escape character: \+.  no-useless-escape
apps/web build: 270:33  Error: Unnecessary escape character: \(.  no-useless-escape
apps/web build: 270:35  Error: Unnecessary escape character: \).  no-useless-escape
apps/web build: 393:9  Error: Unexpected lexical declaration in case block.  no-case-declarations
apps/web build: 407:9  Error: Unexpected lexical declaration in case block.  no-case-declarations
apps/web build: 408:9  Error: Unexpected lexical declaration in case block.  no-case-declarations
apps/web build: 502:9  Error: Unexpected lexical declaration in case block.  no-case-declarations
apps/web build: 557:9  Error: Unexpected lexical declaration in case block.  no-case-declarations
apps/web build: 586:9  Error: Unexpected lexical declaration in case block.  no-case-declarations
apps/web build: 587:9  Error: Unexpected lexical declaration in case block.  no-case-declarations
apps/web build: 588:9  Error: Unexpected lexical declaration in case block.  no-case-declarations
apps/web build: 590:9  Error: Unexpected lexical declaration in case block.  no-case-declarations
apps/web build: 591:9  Error: Unexpected lexical declaration in case block.  no-case-declarations
apps/web build: 592:9  Error: Unexpected lexical declaration in case block.  no-case-declarations
apps/web build: 593:9  Error: Unexpected lexical declaration in case block.  no-case-declarations
apps/web build: 599:9  Error: Unexpected lexical declaration in case block.  no-case-declarations
apps/web build: 601:9  Error: Unexpected lexical declaration in case block.  no-case-declarations
apps/web build: 662:9  Error: Unexpected lexical declaration in case block.  no-case-declarations
apps/web build: ./components/field-visibility-rule-editor.tsx
apps/web build: 35:9  Error: 'handleAddCondition' is assigned a value but never used.  @typescript-eslint/no-unused-vars
apps/web build: 46:9  Error: 'handleSave' is assigned a value but never used.  @typescript-eslint/no-unused-vars
apps/web build: ./components/opportunities-table.tsx
apps/web build: 4:34  Error: 'X' is defined but never used.  @typescript-eslint/no-unused-vars
apps/web build: ./components/page-header.tsx
apps/web build: 3:8  Error: 'Link' is defined but never used.  @typescript-eslint/no-unused-vars
apps/web build: ./components/ui/select.tsx
apps/web build: 5:11  Error: 'SelectProps' is defined but never used.  @typescript-eslint/no-unused-vars
apps/web build: 15:23  Error: Unexpected any. Specify a different type.  @typescript-eslint/no-explicit-any
apps/web build: 30:23  Error: Unexpected any. Specify a different type.  @typescript-eslint/no-explicit-any
apps/web build: 48:21  Error: Unexpected any. Specify a different type.  @typescript-eslint/no-explicit-any
apps/web build: 58:39  Error: Unexpected any. Specify a different type.  @typescript-eslint/no-explicit-any
apps/web build: ./components/universal-search.tsx
apps/web build: 79:37  Error: Unexpected any. Specify a different type.  @typescript-eslint/no-explicit-any
apps/web build: 113:34  Error: Unexpected any. Specify a different type.  @typescript-eslint/no-explicit-any
apps/web build: 145:34  Error: Unexpected any. Specify a different type.  @typescript-eslint/no-explicit-any
apps/web build: 179:28  Error: Unexpected any. Specify a different type.  @typescript-eslint/no-explicit-any
apps/web build: 213:28  Error: Unexpected any. Specify a different type.  @typescript-eslint/no-explicit-any
apps/web build: 245:34  Error: Unexpected any. Specify a different type.  @typescript-eslint/no-explicit-any
apps/web build: 379:36  Error: `"` can be escaped with `&quot;`, `&ldquo;`, `&#34;`, `&rdquo;`.  react/no-unescaped-entities
apps/web build: 379:49  Error: `"` can be escaped with `&quot;`, `&ldquo;`, `&#34;`, `&rdquo;`.  react/no-unescaped-entities
apps/web build: ./components/VerticalBarChartConfigurator.tsx
apps/web build: 154:9  Error: Unexpected lexical declaration in case block.  no-case-declarations
apps/web build: 428:75  Error: Unexpected any. Specify a different type.  @typescript-eslint/no-explicit-any
apps/web build: 453:80  Error: Unexpected any. Specify a different type.  @typescript-eslint/no-explicit-any
apps/web build: 572:38  Error: Unexpected any. Specify a different type.  @typescript-eslint/no-explicit-any
apps/web build: ./lib/api-client.ts
apps/web build: 5:11  Error: 'ApiResponse' is defined but never used.  @typescript-eslint/no-unused-vars
apps/web build: 67:62  Error: Unexpected any. Specify a different type.  @typescript-eslint/no-explicit-any
apps/web build: 76:62  Error: Unexpected any. Specify a different type.  @typescript-eslint/no-explicit-any
apps/web build: 95:25  Error: Unexpected any. Specify a different type.  @typescript-eslint/no-explicit-any
apps/web build: 99:25  Error: Unexpected any. Specify a different type.  @typescript-eslint/no-explicit-any
apps/web build: 108:25  Error: Unexpected any. Specify a different type.  @typescript-eslint/no-explicit-any
apps/web build: 114:53  Error: Unexpected any. Specify a different type.  @typescript-eslint/no-explicit-any
apps/web build: 115:25  Error: Unexpected any. Specify a different type.  @typescript-eslint/no-explicit-any
apps/web build: 129:25  Error: Unexpected any. Specify a different type.  @typescript-eslint/no-explicit-any
apps/web build: 132:50  Error: Unexpected any. Specify a different type.  @typescript-eslint/no-explicit-any
apps/web build: 133:25  Error: Unexpected any. Specify a different type.  @typescript-eslint/no-explicit-any
apps/web build: 139:75  Error: Unexpected any. Specify a different type.  @typescript-eslint/no-explicit-any
apps/web build: 140:25  Error: Unexpected any. Specify a different type.  @typescript-eslint/no-explicit-any
apps/web build: 154:25  Error: Unexpected any. Specify a different type.  @typescript-eslint/no-explicit-any
apps/web build: 157:51  Error: Unexpected any. Specify a different type.  @typescript-eslint/no-explicit-any
apps/web build: 158:25  Error: Unexpected any. Specify a different type.  @typescript-eslint/no-explicit-any
apps/web build: 164:77  Error: Unexpected any. Specify a different type.  @typescript-eslint/no-explicit-any
apps/web build: 165:25  Error: Unexpected any. Specify a different type.  @typescript-eslint/no-explicit-any
apps/web build: 183:25  Error: Unexpected any. Specify a different type.  @typescript-eslint/no-explicit-any
apps/web build: 187:25  Error: Unexpected any. Specify a different type.  @typescript-eslint/no-explicit-any
apps/web build: 190:66  Error: Unexpected any. Specify a different type.  @typescript-eslint/no-explicit-any
apps/web build: 191:25  Error: Unexpected any. Specify a different type.  @typescript-eslint/no-explicit-any
apps/web build: 197:84  Error: Unexpected any. Specify a different type.  @typescript-eslint/no-explicit-any
apps/web build: 198:25  Error: Unexpected any. Specify a different type.  @typescript-eslint/no-explicit-any
apps/web build: 212:25  Error: Unexpected any. Specify a different type.  @typescript-eslint/no-explicit-any
apps/web build: 216:25  Error: Unexpected any. Specify a different type.  @typescript-eslint/no-explicit-any
apps/web build: 219:28  Error: Unexpected any. Specify a different type.  @typescript-eslint/no-explicit-any
apps/web build: 220:25  Error: Unexpected any. Specify a different type.  @typescript-eslint/no-explicit-any
apps/web build: 226:54  Error: Unexpected any. Specify a different type.  @typescript-eslint/no-explicit-any
apps/web build: 227:25  Error: Unexpected any. Specify a different type.  @typescript-eslint/no-explicit-any
apps/web build: 240:25  Error: Unexpected any. Specify a different type.  @typescript-eslint/no-explicit-any
apps/web build: 245:25  Error: Unexpected any. Specify a different type.  @typescript-eslint/no-explicit-any
apps/web build: 249:25  Error: Unexpected any. Specify a different type.  @typescript-eslint/no-explicit-any
apps/web build: 252:31  Error: Unexpected any. Specify a different type.  @typescript-eslint/no-explicit-any
apps/web build: 253:25  Error: Unexpected any. Specify a different type.  @typescript-eslint/no-explicit-any
apps/web build: 259:60  Error: Unexpected any. Specify a different type.  @typescript-eslint/no-explicit-any
apps/web build: 260:25  Error: Unexpected any. Specify a different type.  @typescript-eslint/no-explicit-any
apps/web build: ./lib/chart-data-utils.ts
apps/web build: 9:18  Error: Unexpected any. Specify a different type.  @typescript-eslint/no-explicit-any
apps/web build: 62:32  Error: Unexpected any. Specify a different type.  @typescript-eslint/no-explicit-any
apps/web build: 74:26  Error: Unexpected any. Specify a different type.  @typescript-eslint/no-explicit-any
apps/web build: 86:36  Error: Unexpected any. Specify a different type.  @typescript-eslint/no-explicit-any
apps/web build: 110:16  Error: Unexpected any. Specify a different type.  @typescript-eslint/no-explicit-any
apps/web build: 128:33  Error: Unexpected any. Specify a different type.  @typescript-eslint/no-explicit-any
apps/web build: 168:9  Error: Unexpected lexical declaration in case block.  no-case-declarations
apps/web build: 210:44  Error: Unexpected any. Specify a different type.  @typescript-eslint/no-explicit-any
apps/web build: 335:16  Error: Unexpected any. Specify a different type.  @typescript-eslint/no-explicit-any
apps/web build: 357:48  Error: Unexpected any. Specify a different type.  @typescript-eslint/no-explicit-any
apps/web build: 421:13  Error: Unexpected lexical declaration in case block.  no-case-declarations
apps/web build: ./lib/expressions.ts
apps/web build: 9:10  Error: Unexpected any. Specify a different type.  @typescript-eslint/no-explicit-any
apps/web build: 17:13  Error: Unexpected any. Specify a different type.  @typescript-eslint/no-explicit-any
apps/web build: 17:21  Error: Unexpected any. Specify a different type.  @typescript-eslint/no-explicit-any
apps/web build: 18:13  Error: Unexpected any. Specify a different type.  @typescript-eslint/no-explicit-any
apps/web build: 18:21  Error: Unexpected any. Specify a different type.  @typescript-eslint/no-explicit-any
apps/web build: 30:13  Error: Unexpected any. Specify a different type.  @typescript-eslint/no-explicit-any
apps/web build: 30:21  Error: Unexpected any. Specify a different type.  @typescript-eslint/no-explicit-any
apps/web build: 31:19  Error: Unexpected any. Specify a different type.  @typescript-eslint/no-explicit-any
apps/web build: 31:29  Error: Unexpected any. Specify a different type.  @typescript-eslint/no-explicit-any
apps/web build: 38:23  Error: Unexpected any. Specify a different type.  @typescript-eslint/no-explicit-any
apps/web build: 57:21  Error: Unexpected any. Specify a different type.  @typescript-eslint/no-explicit-any
apps/web build: 58:22  Error: Unexpected any. Specify a different type.  @typescript-eslint/no-explicit-any
apps/web build: 60:41  Error: Unexpected any. Specify a different type.  @typescript-eslint/no-explicit-any
apps/web build: 60:58  Error: Unexpected any. Specify a different type.  @typescript-eslint/no-explicit-any
apps/web build: 360:9  Error: Unexpected lexical declaration in case block.  no-case-declarations
apps/web build: 361:9  Error: Unexpected lexical declaration in case block.  no-case-declarations
apps/web build: 363:9  Error: Unexpected lexical declaration in case block.  no-case-declarations
apps/web build: 371:9  Error: Unexpected lexical declaration in case block.  no-case-declarations
apps/web build: 376:9  Error: Unexpected lexical declaration in case block.  no-case-declarations
apps/web build: 377:25  Error: Unexpected any. Specify a different type.  @typescript-eslint/no-explicit-any
apps/web build: 380:62  Error: Unexpected any. Specify a different type.  @typescript-eslint/no-explicit-any
apps/web build: 482:50  Error: Unexpected any. Specify a different type.  @typescript-eslint/no-explicit-any
apps/web build: ./lib/field-visibility.ts
apps/web build: 4:27  Error: Unexpected any. Specify a different type.  @typescript-eslint/no-explicit-any
apps/web build: 74:92  Error: Unexpected any. Specify a different type.  @typescript-eslint/no-explicit-any
apps/web build: ./lib/filter-utils.ts
apps/web build: 7:26  Error: Unexpected any. Specify a different type.  @typescript-eslint/no-explicit-any
apps/web build: 82:9  Error: Unexpected lexical declaration in case block.  no-case-declarations
apps/web build: 86:9  Error: Unexpected lexical declaration in case block.  no-case-declarations
apps/web build: 88:9  Error: Unexpected lexical declaration in case block.  no-case-declarations
apps/web build: 92:9  Error: Unexpected lexical declaration in case block.  no-case-declarations
apps/web build: 94:9  Error: Unexpected lexical declaration in case block.  no-case-declarations
apps/web build: 101:9  Error: Unexpected lexical declaration in case block.  no-case-declarations
apps/web build: 114:55  Error: Unexpected any. Specify a different type.  @typescript-eslint/no-explicit-any
apps/web build: ./lib/records-service.ts
apps/web build: 8:24  Error: Unexpected any. Specify a different type.  @typescript-eslint/no-explicit-any
apps/web build: 24:24  Error: Unexpected any. Specify a different type.  @typescript-eslint/no-explicit-any
apps/web build: 29:24  Error: Unexpected any. Specify a different type.  @typescript-eslint/no-explicit-any
apps/web build: 104:53  Error: Unexpected any. Specify a different type.  @typescript-eslint/no-explicit-any
apps/web build: 119:57  Error: Unexpected any. Specify a different type.  @typescript-eslint/no-explicit-any
apps/web build: ./lib/schema-api-service.ts
apps/web build: 3:76  Error: 'PageField' is defined but never used.  @typescript-eslint/no-unused-vars
apps/web build: 3:87  Error: 'RecordType' is defined but never used.  @typescript-eslint/no-unused-vars
apps/web build: 6:51  Error: Unexpected any. Specify a different type.  @typescript-eslint/no-explicit-any
apps/web build: 8:63  Error: Unexpected any. Specify a different type.  @typescript-eslint/no-explicit-any
apps/web build: 31:80  Error: Unexpected any. Specify a different type.  @typescript-eslint/no-explicit-any
apps/web build: 32:59  Error: Unexpected any. Specify a different type.  @typescript-eslint/no-explicit-any
apps/web build: 33:74  Error: Unexpected any. Specify a different type.  @typescript-eslint/no-explicit-any
apps/web build: 38:48  Error: Unexpected any. Specify a different type.  @typescript-eslint/no-explicit-any
apps/web build: ./lib/schema-service.ts
apps/web build: 417:47  Error: Unexpected any. Specify a different type.  @typescript-eslint/no-explicit-any
apps/web build: 420:82  Error: Unexpected any. Specify a different type.  @typescript-eslint/no-explicit-any
apps/web build: 424:19  Error: Empty block statement.  no-empty
apps/web build: 434:53  Error: Unexpected any. Specify a different type.  @typescript-eslint/no-explicit-any
apps/web build: 436:67  Error: Unexpected any. Specify a different type.  @typescript-eslint/no-explicit-any
apps/web build: 454:67  Error: Unexpected any. Specify a different type.  @typescript-eslint/no-explicit-any
apps/web build: 690:43  Error: Unexpected any. Specify a different type.  @typescript-eslint/no-explicit-any
apps/web build: 779:11  Error: 'hasLayout' is assigned a value but never used.  @typescript-eslint/no-unused-vars
apps/web build: 783:11  Error: 'fieldCount' is assigned a value but never used.  @typescript-eslint/no-unused-vars
apps/web build: 1015:50  Error: Unexpected any. Specify a different type.  @typescript-eslint/no-explicit-any
apps/web build: 1017:42  Error: Unexpected any. Specify a different type.  @typescript-eslint/no-explicit-any
apps/web build: 1019:53  Error: Unexpected any. Specify a different type.  @typescript-eslint/no-explicit-any
apps/web build: 1021:60  Error: Unexpected any. Specify a different type.  @typescript-eslint/no-explicit-any
apps/web build: 1116:49  Error: Unexpected any. Specify a different type.  @typescript-eslint/no-explicit-any
apps/web build: 1118:52  Error: Unexpected any. Specify a different type.  @typescript-eslint/no-explicit-any
apps/web build: 1189:53  Error: Unexpected any. Specify a different type.  @typescript-eslint/no-explicit-any
apps/web build: 1191:42  Error: Unexpected any. Specify a different type.  @typescript-eslint/no-explicit-any
apps/web build: 1193:53  Error: Unexpected any. Specify a different type.  @typescript-eslint/no-explicit-any
apps/web build: 1195:60  Error: Unexpected any. Specify a different type.  @typescript-eslint/no-explicit-any
apps/web build: 1536:44  Error: Unexpected any. Specify a different type.  @typescript-eslint/no-explicit-any
apps/web build: 1538:42  Error: Unexpected any. Specify a different type.  @typescript-eslint/no-explicit-any
apps/web build: 1541:38  Error: Unexpected any. Specify a different type.  @typescript-eslint/no-explicit-any
apps/web build: 1555:74  Error: Unexpected any. Specify a different type.  @typescript-eslint/no-explicit-any
apps/web build: 2335:44  Error: Unexpected any. Specify a different type.  @typescript-eslint/no-explicit-any
apps/web build: 2337:42  Error: Unexpected any. Specify a different type.  @typescript-eslint/no-explicit-any
apps/web build: 2340:38  Error: Unexpected any. Specify a different type.  @typescript-eslint/no-explicit-any
apps/web build: 2354:74  Error: Unexpected any. Specify a different type.  @typescript-eslint/no-explicit-any
apps/web build: 2546:43  Error: Unexpected any. Specify a different type.  @typescript-eslint/no-explicit-any
apps/web build: 2551:43  Error: Unexpected any. Specify a different type.  @typescript-eslint/no-explicit-any
apps/web build: 2555:50  Error: Unexpected any. Specify a different type.  @typescript-eslint/no-explicit-any
apps/web build: 2559:54  Error: Unexpected any. Specify a different type.  @typescript-eslint/no-explicit-any
apps/web build: 2562:42  Error: Unexpected any. Specify a different type.  @typescript-eslint/no-explicit-any
apps/web build: 2565:53  Error: Unexpected any. Specify a different type.  @typescript-eslint/no-explicit-any
apps/web build: 2571:60  Error: Unexpected any. Specify a different type.  @typescript-eslint/no-explicit-any
apps/web build: 2576:57  Error: Unexpected any. Specify a different type.  @typescript-eslint/no-explicit-any
apps/web build: 2602:114  Error: Unexpected any. Specify a different type.  @typescript-eslint/no-explicit-any
apps/web build: 3952:48  Error: Unexpected any. Specify a different type.  @typescript-eslint/no-explicit-any
apps/web build: 3973:35  Error: Unexpected any. Specify a different type.  @typescript-eslint/no-explicit-any
apps/web build: ./lib/schema-store.ts
apps/web build: 78:37  Error: Unexpected any. Specify a different type.  @typescript-eslint/no-explicit-any
apps/web build: ./lib/schema.ts
apps/web build: 28:18  Error: Unexpected any. Specify a different type.  @typescript-eslint/no-explicit-any
apps/web build: 187:10  Error: Unexpected any. Specify a different type.  @typescript-eslint/no-explicit-any
apps/web build: 201:9  Error: Unexpected any. Specify a different type.  @typescript-eslint/no-explicit-any
apps/web build: ./lib/utils.ts
apps/web build: 24:33  Error: Unexpected any. Specify a different type.  @typescript-eslint/no-explicit-any
apps/web build: 28:59  Error: Unexpected any. Specify a different type.  @typescript-eslint/no-explicit-any
apps/web build: 61:49  Error: Unexpected any. Specify a different type.  @typescript-eslint/no-explicit-any
apps/web build: 76:35  Error: Unexpected any. Specify a different type.  @typescript-eslint/no-explicit-any
apps/web build: 246:41  Error: Unexpected any. Specify a different type.  @typescript-eslint/no-explicit-any
apps/web build: info  - Need to disable some ESLint rules? Learn more here: https://nextjs.org/docs/basic-features/eslint#disabling-rules
apps/web build: Failed
C:\dev\crm-monorepo\apps\web:
ΓÇëERR_PNPM_RECURSIVE_RUN_FIRST_FAILΓÇë web@0.0.1 build: `next build`
Exit status 1
ΓÇëELIFECYCLEΓÇë Command failed with exit code 1.
